FileLastModifiedUtc,Hostname,Port,Process,Worker
08/12/2019 11:37:44,localhost,9100,vizqlserver,node1
08/12/2019 11:37:44,localhost,9101,vizqlserver,node1
08/12/2019 11:37:44,localhost,8600,vizportal,node1
08/12/2019 11:37:44,localhost,8017,searchserver,node1
08/12/2019 11:37:44,localhost,9700,dataserver,node1
08/12/2019 11:37:44,localhost,9701,dataserver,node1
08/12/2019 11:37:44,localhost,8250,backgrounder,node1
08/12/2019 11:37:44,localhost,8251,backgrounder,node1
08/12/2019 11:37:44,localhost,8912,cacheserver,node1
08/12/2019 11:37:44,localhost,8434,cacheserver,node1
08/12/2019 11:37:44,localhost,80,gateway,node1
08/12/2019 11:37:44,localhost,8719,samlservice,node1
08/12/2019 11:37:44,localhost,8525,filestore,node1
08/12/2019 11:37:44,localhost,8509,hyper,node1
08/12/2019 11:37:44,localhost,15100,interactive,node1
08/12/2019 11:37:44,localhost,8343,backuprestore,node1
08/12/2019 11:37:44,localhost,8131,clientfileservice,node1
08/12/2019 11:37:44,localhost,8034,databasemaintenance,node1
08/12/2019 11:37:44,localhost,8895,elasticserver,node1
08/12/2019 11:37:44,localhost,8015,nlp,node1
08/12/2019 11:37:44,localhost,8156,flowprocessor,node1
08/12/2019 11:37:44,localhost,8661,noninteractive,node1
08/12/2019 11:37:44,localhost,8556,siteimportexport,node1
08/12/2019 11:37:44,localhost,8850,tabadmincontroller,node1
08/12/2019 11:37:44,localhost,8060,pgsql,node1
