CpuUsagePercent,ProcessName,ProcessIndex,ProcessId,FileName,FilePath,LineNumber,Timestamp,Worker
100,backgrounder,1,4380,nativeapi_backgrounder_1-1_2019_08_09_00_00_00.txt,node1/backgrounder_0.20192.19.0718.15434871900698938641013/logs/nativeapi_backgrounder_1-1_2019_08_09_00_00_00.txt,928,08/09/2019 20:39:15,node1
91,hyper,0,15564,hyper_0_2019_08_09_00_00_00.log,node1/hyper_0.20192.19.0718.15435901975668669518554/logs/hyper_0_2019_08_09_00_00_00.log,5451,08/09/2019 21:56:20,node1
