ProcessMemoryUtil,TableauTotalMemoryUtil,TotalMemoryUtil,ProcessName,ProcessIndex,ProcessId,FileName,FilePath,LineNumber,Timestamp,Worker
24981504,7100854272,16729694208,hyper,0,8332,hyper_0_2019_08_09_00_00_00.log,node1/hyper_0.20192.19.0718.15435901975668669518554/logs/hyper_0_2019_08_09_00_00_00.log,2348,08/09/2019 20:49:14,node1
56057856,7556927488,18273861632,hyper,0,8332,hyper_0_2019_08_09_00_00_00.log,node1/hyper_0.20192.19.0718.15435901975668669518554/logs/hyper_0_2019_08_09_00_00_00.log,2928,08/09/2019 21:04:18,node1
56057856,7671402496,17868103680,hyper,0,8332,hyper_0_2019_08_09_00_00_00.log,node1/hyper_0.20192.19.0718.15435901975668669518554/logs/hyper_0_2019_08_09_00_00_00.log,2990,08/09/2019 21:19:18,node1
879222784,9681416192,21304590336,hyper,0,15564,hyper_0_2019_08_09_00_00_00.log,node1/hyper_0.20192.19.0718.15435901975668669518554/logs/hyper_0_2019_08_09_00_00_00.log,5295,08/09/2019 21:51:15,node1
