Args,BackgrounderId,EndFile,EndLine,EndTime,ErrorMessage,JobId,JobType,Notes,Priority,RunTime,StartFile,StartLine,StartTime,Success,Timeout,TotalTime,WorkerId
,0,backgrounder-0.log,183,08/12/2019 21:22:53,,52,enqueue_data_alerts,,10,0,backgrounder-0.log,180,08/12/2019 21:22:53,True,,6,node1
"[1, -1]",0,backgrounder-0.log,189,08/12/2019 21:22:53,,53,migrate_content_version_files,,10,0,backgrounder-0.log,184,08/12/2019 21:22:53,True,,6,node1
,0,backgrounder-0.log,394,08/12/2019 22:20:03,,123,mark_startup,,0,0,backgrounder-0.log,391,08/12/2019 22:20:03,True,,4,node1
,0,backgrounder-0.log,439,08/12/2019 22:20:34,,124,reap_repository_garbage_records,,0,0,backgrounder-0.log,437,08/12/2019 22:20:33,True,,1,node1
,0,backgrounder-0.log,443,08/12/2019 22:20:34,,125,purge_expired_wgsessions,,0,0,backgrounder-0.log,440,08/12/2019 22:20:34,True,,1,node1
,0,backgrounder-0.log,447,08/12/2019 22:20:34,,126,delete_expired_tickets,,0,0,backgrounder-0.log,444,08/12/2019 22:20:34,True,,1,node1
,0,backgrounder-0.log,451,08/12/2019 22:20:34,,128,aggregate_analytics,,0,0,backgrounder-0.log,448,08/12/2019 22:20:34,True,,1,node1
,0,backgrounder-0.log,455,08/12/2019 22:20:34,,127,low_disk_space_monitoring,,10,0,backgrounder-0.log,452,08/12/2019 22:20:34,True,,1,node1
,0,backgrounder-0.log,458,08/12/2019 22:20:34,,129,delete_old_index_updates,,10,0,backgrounder-0.log,456,08/12/2019 22:20:34,True,,1,node1
[extract],0,backgrounder-0.log,469,08/12/2019 22:20:34,,130,tdfs_refresh_to_fresh,,10,0,backgrounder-0.log,459,08/12/2019 22:20:34,True,,1,node1
,0,backgrounder-0.log,472,08/12/2019 22:20:34,,131,enqueue_data_alerts,,10,0,backgrounder-0.log,470,08/12/2019 22:20:34,True,,1,node1
,0,backgrounder-0.log,492,08/12/2019 22:25:34,,132,delete_expired_tickets,,0,0,backgrounder-0.log,490,08/12/2019 22:25:34,True,,1,node1
,0,backgrounder-0.log,494,08/12/2019 22:25:34,,133,enqueue_data_alerts,,10,0,backgrounder-0.log,493,08/12/2019 22:25:34,True,,1,node1
,0,backgrounder-0.log,534,08/12/2019 22:30:34,,134,delete_expired_tickets,,0,0,backgrounder-0.log,532,08/12/2019 22:30:34,True,,1,node1
,0,backgrounder-0.log,538,08/12/2019 22:30:34,,136,aggregate_analytics,,0,0,backgrounder-0.log,535,08/12/2019 22:30:34,True,,1,node1
,0,backgrounder-0.log,541,08/12/2019 22:30:34,,135,low_disk_space_monitoring,,10,0,backgrounder-0.log,539,08/12/2019 22:30:34,True,,1,node1
,0,backgrounder-0.log,543,08/12/2019 22:30:34,,137,delete_old_index_updates,,10,0,backgrounder-0.log,542,08/12/2019 22:30:34,True,,1,node1
[extract],0,backgrounder-0.log,550,08/12/2019 22:30:34,,138,tdfs_refresh_to_fresh,,10,0,backgrounder-0.log,544,08/12/2019 22:30:34,True,,1,node1
,0,backgrounder-0.log,552,08/12/2019 22:30:34,,139,enqueue_data_alerts,,10,0,backgrounder-0.log,551,08/12/2019 22:30:34,True,,1,node1
,0,backgrounder-0.log,572,08/12/2019 22:35:34,,140,delete_expired_tickets,,0,0,backgrounder-0.log,570,08/12/2019 22:35:34,True,,1,node1
,0,backgrounder-0.log,574,08/12/2019 22:35:34,,141,enqueue_data_alerts,,10,0,backgrounder-0.log,573,08/12/2019 22:35:34,True,,1,node1
"[Workbook, 3, Large1, 43, null, 1, 3]",0,,,,"There is no end event for this job in the logs, but a different job was processed later by the same backgrounder. This could be caused by a number of different problems: job was crashed, job was cancelled by other component, or log files are incomplete/corrupt",142,refresh_extracts,,0,,backgrounder-0.log,575,08/12/2019 22:36:24,False,9000,,node1
"[Workbook, 3, Large1, 43, null, 1, 3]",0,backgrounder-0.log,726,08/12/2019 22:38:16,,143,refresh_extracts,,0,41,backgrounder-0.log,699,08/12/2019 22:37:35,True,9000,44,node1
"[Workbook, 3]",0,backgrounder-0.log,732,08/12/2019 22:38:16,,144,external_query_cache_warmup,,10,0,backgrounder-0.log,727,08/12/2019 22:38:16,True,,0,node1
"[Workbook, 3]",0,backgrounder-0.log,736,08/12/2019 22:38:16,,145,enqueue_data_alerts,,10,0,backgrounder-0.log,733,08/12/2019 22:38:16,True,,0,node1
,0,backgrounder-0.log,977,08/12/2019 23:00:37,,166,low_disk_space_monitoring,,10,0,backgrounder-0.log,975,08/12/2019 23:00:37,True,,3,node1
,0,backgrounder-0.log,979,08/12/2019 23:00:37,,168,delete_old_index_updates,,10,0,backgrounder-0.log,978,08/12/2019 23:00:37,True,,3,node1
,0,backgrounder-0.log,981,08/12/2019 23:00:37,,169,enqueue_data_alerts,,10,0,backgrounder-0.log,980,08/12/2019 23:00:37,True,,3,node1
[workbook],0,backgrounder-0.log,985,08/12/2019 23:00:37,,171,tdfs_refresh_to_reconcile,,10,0,backgrounder-0.log,982,08/12/2019 23:00:37,True,,3,node1
[workbook_reduced],0,backgrounder-0.log,998,08/12/2019 23:00:37,,172,sos_reconcile,,10,0,backgrounder-0.log,986,08/12/2019 23:00:37,True,,3,node1
[viz_snapshot_image],0,backgrounder-0.log,1002,08/12/2019 23:00:37,,175,tdfs_refresh_to_reconcile,,10,0,backgrounder-0.log,999,08/12/2019 23:00:37,True,,3,node1
[user_image],0,backgrounder-0.log,1006,08/12/2019 23:00:37,,177,tdfs_refresh_to_reconcile,,10,0,backgrounder-0.log,1003,08/12/2019 23:00:37,True,,3,node1
[sheet_image],0,backgrounder-0.log,1015,08/12/2019 23:00:37,,178,sos_reconcile,,10,0,backgrounder-0.log,1007,08/12/2019 23:00:37,True,,3,node1
[viz_snapshot_data],0,backgrounder-0.log,1024,08/12/2019 23:00:37,,180,sos_reconcile,,10,0,backgrounder-0.log,1016,08/12/2019 23:00:37,True,,3,node1
[customized_view],0,backgrounder-0.log,1033,08/12/2019 23:00:37,,182,sos_reconcile,,10,0,backgrounder-0.log,1025,08/12/2019 23:00:37,True,,3,node1
[customized_view_thumbnail],0,backgrounder-0.log,1037,08/12/2019 23:00:37,,185,tdfs_refresh_to_reconcile,,10,0,backgrounder-0.log,1034,08/12/2019 23:00:37,True,,3,node1
[revision],0,backgrounder-0.log,1046,08/12/2019 23:00:37,,186,sos_reconcile,,10,0,backgrounder-0.log,1038,08/12/2019 23:00:37,True,,4,node1
[metrics_data],0,backgrounder-0.log,1055,08/12/2019 23:00:37,,188,sos_reconcile,,10,0,backgrounder-0.log,1047,08/12/2019 23:00:37,True,,4,node1
[metrics_data],0,backgrounder-0.log,1058,08/12/2019 23:00:37,,189,tdfs_refresh_to_reconcile,,10,0,backgrounder-0.log,1056,08/12/2019 23:00:37,True,,4,node1
[extract],0,backgrounder-0.log,1070,08/12/2019 23:00:37,,191,sos_reconcile,,10,0,backgrounder-0.log,1059,08/12/2019 23:00:37,True,,4,node1
[extract],0,backgrounder-0.log,1079,08/12/2019 23:00:37,,193,tdfs_refresh_to_reconcile,,10,0,backgrounder-0.log,1071,08/12/2019 23:00:37,True,,4,node1
[datasource],0,backgrounder-0.log,1083,08/12/2019 23:00:37,,195,tdfs_refresh_to_reconcile,,10,0,backgrounder-0.log,1080,08/12/2019 23:00:37,True,,4,node1
[datasource_reduced],0,backgrounder-0.log,1092,08/12/2019 23:00:37,,196,sos_reconcile,,10,0,backgrounder-0.log,1084,08/12/2019 23:00:37,True,,4,node1
[viz_snapshot_thumbnail],0,backgrounder-0.log,1096,08/12/2019 23:00:37,,199,tdfs_refresh_to_reconcile,,10,0,backgrounder-0.log,1093,08/12/2019 23:00:37,True,,4,node1
[view_thumbnail],0,backgrounder-0.log,1108,08/12/2019 23:00:37,,200,sos_reconcile,,10,0,backgrounder-0.log,1097,08/12/2019 23:00:37,True,,4,node1
,0,backgrounder-0.log,1128,08/12/2019 23:05:37,,203,delete_expired_tickets,,0,0,backgrounder-0.log,1126,08/12/2019 23:05:37,True,,4,node1
,0,backgrounder-0.log,1130,08/12/2019 23:05:37,,204,enqueue_data_alerts,,10,0,backgrounder-0.log,1129,08/12/2019 23:05:37,True,,4,node1
,0,backgrounder-0.log,1157,08/12/2019 23:10:38,,205,delete_expired_tickets,,0,0,backgrounder-0.log,1155,08/12/2019 23:10:38,True,,4,node1
,0,backgrounder-0.log,1159,08/12/2019 23:10:38,,206,enqueue_data_alerts,,10,0,backgrounder-0.log,1158,08/12/2019 23:10:38,True,,4,node1
,0,backgrounder-0.log,1161,08/12/2019 23:10:38,,207,delete_old_index_updates,,10,0,backgrounder-0.log,1160,08/12/2019 23:10:38,True,,4,node1
,0,backgrounder-0.log,1197,08/12/2019 23:15:38,,208,reap_repository_garbage_records,,0,0,backgrounder-0.log,1196,08/12/2019 23:15:38,True,,4,node1
,0,backgrounder-0.log,1200,08/12/2019 23:15:38,,209,delete_expired_tickets,,0,0,backgrounder-0.log,1198,08/12/2019 23:15:38,True,,4,node1
,0,backgrounder-0.log,1204,08/12/2019 23:15:38,,213,aggregate_analytics,,0,0,backgrounder-0.log,1201,08/12/2019 23:15:38,True,,4,node1
,0,backgrounder-0.log,1206,08/12/2019 23:15:38,,210,enqueue_data_alerts,,10,0,backgrounder-0.log,1205,08/12/2019 23:15:38,True,,4,node1
[extract],0,backgrounder-0.log,1213,08/12/2019 23:15:38,,211,tdfs_refresh_to_fresh,,10,0,backgrounder-0.log,1207,08/12/2019 23:15:38,True,,4,node1
,0,backgrounder-0.log,1216,08/12/2019 23:15:38,,212,low_disk_space_monitoring,,10,0,backgrounder-0.log,1214,08/12/2019 23:15:38,True,,4,node1
,0,backgrounder-0.log,1252,08/12/2019 23:20:38,,214,delete_expired_tickets,,0,0,backgrounder-0.log,1250,08/12/2019 23:20:38,True,,4,node1
,0,backgrounder-0.log,1255,08/12/2019 23:20:38,,215,purge_expired_wgsessions,,0,0,backgrounder-0.log,1253,08/12/2019 23:20:38,True,,4,node1
,0,backgrounder-0.log,1257,08/12/2019 23:20:38,,216,delete_old_index_updates,,10,0,backgrounder-0.log,1256,08/12/2019 23:20:38,True,,4,node1
,0,backgrounder-0.log,1259,08/12/2019 23:20:38,,217,enqueue_data_alerts,,10,0,backgrounder-0.log,1258,08/12/2019 23:20:38,True,,4,node1
,0,backgrounder-0.log,1279,08/12/2019 23:25:38,,218,delete_expired_tickets,,0,0,backgrounder-0.log,1277,08/12/2019 23:25:38,True,,4,node1
,0,backgrounder-0.log,1281,08/12/2019 23:25:38,,219,enqueue_data_alerts,,10,0,backgrounder-0.log,1280,08/12/2019 23:25:38,True,,4,node1
,0,backgrounder-0.log,1321,08/12/2019 23:30:38,,220,delete_expired_tickets,,0,0,backgrounder-0.log,1319,08/12/2019 23:30:38,True,,4,node1
,0,backgrounder-0.log,1325,08/12/2019 23:30:38,,222,aggregate_analytics,,0,0,backgrounder-0.log,1322,08/12/2019 23:30:38,True,,4,node1
,0,backgrounder-0.log,1328,08/12/2019 23:30:38,,221,low_disk_space_monitoring,,10,0,backgrounder-0.log,1326,08/12/2019 23:30:38,True,,4,node1
,0,backgrounder-0.log,1330,08/12/2019 23:30:38,,223,delete_old_index_updates,,10,0,backgrounder-0.log,1329,08/12/2019 23:30:38,True,,4,node1
,0,backgrounder-0.log,1332,08/12/2019 23:30:38,,224,enqueue_data_alerts,,10,0,backgrounder-0.log,1331,08/12/2019 23:30:38,True,,4,node1
[extract],0,backgrounder-0.log,1339,08/12/2019 23:30:38,,225,tdfs_refresh_to_fresh,,10,0,backgrounder-0.log,1333,08/12/2019 23:30:38,True,,4,node1
,0,backgrounder-0.log,1359,08/12/2019 23:35:38,,226,delete_expired_tickets,,0,0,backgrounder-0.log,1357,08/12/2019 23:35:38,True,,4,node1
,0,backgrounder-0.log,1361,08/12/2019 23:35:38,,227,enqueue_data_alerts,,10,0,backgrounder-0.log,1360,08/12/2019 23:35:38,True,,4,node1
,0,backgrounder-0.log,1392,08/12/2019 23:40:38,,228,purge_expired_wgsessions,,0,0,backgrounder-0.log,1390,08/12/2019 23:40:38,True,,4,node1
,0,backgrounder-0.log,1395,08/12/2019 23:40:38,,229,delete_expired_tickets,,0,0,backgrounder-0.log,1393,08/12/2019 23:40:38,True,,4,node1
,0,backgrounder-0.log,1397,08/12/2019 23:40:38,,230,enqueue_data_alerts,,10,0,backgrounder-0.log,1396,08/12/2019 23:40:38,True,,4,node1
,0,backgrounder-0.log,1399,08/12/2019 23:40:38,,231,delete_old_index_updates,,10,0,backgrounder-0.log,1398,08/12/2019 23:40:38,True,,4,node1
,0,backgrounder-0.log,1432,08/12/2019 23:45:38,,232,delete_expired_tickets,,0,0,backgrounder-0.log,1430,08/12/2019 23:45:38,True,,4,node1
,0,backgrounder-0.log,1436,08/12/2019 23:45:38,,236,aggregate_analytics,,0,0,backgrounder-0.log,1433,08/12/2019 23:45:38,True,,4,node1
,0,backgrounder-0.log,1438,08/12/2019 23:45:38,,233,enqueue_data_alerts,,10,0,backgrounder-0.log,1437,08/12/2019 23:45:38,True,,4,node1
[extract],0,backgrounder-0.log,1445,08/12/2019 23:45:38,,234,tdfs_refresh_to_fresh,,10,0,backgrounder-0.log,1439,08/12/2019 23:45:38,True,,4,node1
,0,backgrounder-0.log,1448,08/12/2019 23:45:38,,235,low_disk_space_monitoring,,10,0,backgrounder-0.log,1446,08/12/2019 23:45:38,True,,4,node1
,0,backgrounder-0.log,1475,08/12/2019 23:50:38,,237,delete_expired_tickets,,0,0,backgrounder-0.log,1473,08/12/2019 23:50:38,True,,4,node1
,0,backgrounder-0.log,1477,08/12/2019 23:50:38,,238,delete_old_index_updates,,10,0,backgrounder-0.log,1476,08/12/2019 23:50:38,True,,4,node1
,0,backgrounder-0.log,1479,08/12/2019 23:50:38,,239,enqueue_data_alerts,,10,0,backgrounder-0.log,1478,08/12/2019 23:50:38,True,,4,node1
,1,backgrounder-1.log,182,08/12/2019 21:22:07,,1,update_vertica_keychains,,0,0,backgrounder-1.log,179,08/12/2019 21:22:07,True,,577,node1
,1,backgrounder-1.log,185,08/12/2019 21:22:08,,2,sanitize_dataserver_workbooks,,0,0,backgrounder-1.log,183,08/12/2019 21:22:08,True,,573,node1
,1,backgrounder-1.log,188,08/12/2019 21:22:08,,3,mark_startup,,0,0,backgrounder-1.log,186,08/12/2019 21:22:08,True,,6,node1
,1,backgrounder-1.log,381,08/12/2019 21:22:48,,4,reap_repository_garbage_records,,0,0,backgrounder-1.log,379,08/12/2019 21:22:48,True,,1,node1
,1,backgrounder-1.log,404,08/12/2019 21:22:48,,5,reap_audit_history_unused_records,,0,0,backgrounder-1.log,382,08/12/2019 21:22:48,True,,1,node1
,1,backgrounder-1.log,407,08/12/2019 21:22:48,,6,reap_shared_views,,0,0,backgrounder-1.log,405,08/12/2019 21:22:48,True,,1,node1
,1,backgrounder-1.log,410,08/12/2019 21:22:48,,7,reap_auto_saves,,0,0,backgrounder-1.log,408,08/12/2019 21:22:48,True,,1,node1
,1,backgrounder-1.log,415,08/12/2019 21:22:48,,8,delete_old_background_jobs,,0,0,backgrounder-1.log,411,08/12/2019 21:22:48,True,,1,node1
,1,backgrounder-1.log,419,08/12/2019 21:22:48,,9,purge_expired_wgsessions,,0,0,backgrounder-1.log,416,08/12/2019 21:22:48,True,,1,node1
,1,backgrounder-1.log,423,08/12/2019 21:22:48,,10,delete_expired_tickets,,0,0,backgrounder-1.log,420,08/12/2019 21:22:48,True,,1,node1
,1,backgrounder-1.log,427,08/12/2019 21:22:48,,11,clean_sheet_image_cache,,0,0,backgrounder-1.log,424,08/12/2019 21:22:48,True,,1,node1
,1,backgrounder-1.log,431,08/12/2019 21:22:48,,12,cleanup_jobs,,0,0,backgrounder-1.log,428,08/12/2019 21:22:48,True,,1,node1
,1,backgrounder-1.log,436,08/12/2019 21:22:48,,15,delete_expired_refresh_tokens,,0,0,backgrounder-1.log,432,08/12/2019 21:22:48,True,,1,node1
,1,backgrounder-1.log,440,08/12/2019 21:22:48,,17,aggregate_analytics,,0,0,backgrounder-1.log,437,08/12/2019 21:22:48,True,,1,node1
,1,backgrounder-1.log,443,08/12/2019 21:22:48,,13,delete_old_index_updates,,10,0,backgrounder-1.log,441,08/12/2019 21:22:48,True,,1,node1
,1,backgrounder-1.log,476,08/12/2019 21:22:49,,14,sync_search_index,,10,0,backgrounder-1.log,444,08/12/2019 21:22:48,True,,2,node1
,1,backgrounder-1.log,480,08/12/2019 21:22:49,,16,low_disk_space_monitoring,,10,0,backgrounder-1.log,477,08/12/2019 21:22:49,True,,2,node1
,1,backgrounder-1.log,483,08/12/2019 21:22:49,,18,reap_oauth_request_tokens,,10,0,backgrounder-1.log,481,08/12/2019 21:22:49,True,,2,node1
[workbook],1,backgrounder-1.log,494,08/12/2019 21:22:49,,19,sos_reconcile,,10,0,backgrounder-1.log,484,08/12/2019 21:22:49,True,,2,node1
[workbook],1,backgrounder-1.log,497,08/12/2019 21:22:49,,20,tdfs_refresh_to_reconcile,,10,0,backgrounder-1.log,495,08/12/2019 21:22:49,True,,2,node1
[workbook_reduced],1,backgrounder-1.log,506,08/12/2019 21:22:49,,21,sos_reconcile,,10,0,backgrounder-1.log,498,08/12/2019 21:22:49,True,,2,node1
[workbook_reduced],1,backgrounder-1.log,509,08/12/2019 21:22:49,,22,tdfs_refresh_to_reconcile,,10,0,backgrounder-1.log,507,08/12/2019 21:22:49,True,,2,node1
[viz_snapshot_image],1,backgrounder-1.log,518,08/12/2019 21:22:49,,23,sos_reconcile,,10,0,backgrounder-1.log,510,08/12/2019 21:22:49,True,,2,node1
[viz_snapshot_image],1,backgrounder-1.log,521,08/12/2019 21:22:49,,24,tdfs_refresh_to_reconcile,,10,0,backgrounder-1.log,519,08/12/2019 21:22:49,True,,2,node1
[user_image],1,backgrounder-1.log,530,08/12/2019 21:22:49,,25,sos_reconcile,,10,0,backgrounder-1.log,522,08/12/2019 21:22:49,True,,2,node1
[user_image],1,backgrounder-1.log,533,08/12/2019 21:22:49,,26,tdfs_refresh_to_reconcile,,10,0,backgrounder-1.log,531,08/12/2019 21:22:49,True,,2,node1
[sheet_image],1,backgrounder-1.log,541,08/12/2019 21:22:49,,27,sos_reconcile,,10,0,backgrounder-1.log,534,08/12/2019 21:22:49,True,,2,node1
[sheet_image],1,backgrounder-1.log,544,08/12/2019 21:22:49,,28,tdfs_refresh_to_reconcile,,10,0,backgrounder-1.log,542,08/12/2019 21:22:49,True,,2,node1
[viz_snapshot_data],1,backgrounder-1.log,553,08/12/2019 21:22:49,,29,sos_reconcile,,10,0,backgrounder-1.log,545,08/12/2019 21:22:49,True,,2,node1
[viz_snapshot_data],1,backgrounder-1.log,556,08/12/2019 21:22:49,,30,tdfs_refresh_to_reconcile,,10,0,backgrounder-1.log,554,08/12/2019 21:22:49,True,,2,node1
[customized_view],1,backgrounder-1.log,565,08/12/2019 21:22:49,,31,sos_reconcile,,10,0,backgrounder-1.log,557,08/12/2019 21:22:49,True,,2,node1
[customized_view],1,backgrounder-1.log,568,08/12/2019 21:22:49,,32,tdfs_refresh_to_reconcile,,10,0,backgrounder-1.log,566,08/12/2019 21:22:49,True,,2,node1
[customized_view_thumbnail],1,backgrounder-1.log,577,08/12/2019 21:22:50,,33,sos_reconcile,,10,0,backgrounder-1.log,569,08/12/2019 21:22:49,True,,2,node1
[customized_view_thumbnail],1,backgrounder-1.log,580,08/12/2019 21:22:50,,34,tdfs_refresh_to_reconcile,,10,0,backgrounder-1.log,578,08/12/2019 21:22:50,True,,2,node1
[revision],1,backgrounder-1.log,591,08/12/2019 21:22:50,,35,sos_reconcile,,10,0,backgrounder-1.log,581,08/12/2019 21:22:50,True,,2,node1
[revision],1,backgrounder-1.log,599,08/12/2019 21:22:50,,36,tdfs_refresh_to_reconcile,,10,0,backgrounder-1.log,592,08/12/2019 21:22:50,True,,2,node1
[metrics_data],1,backgrounder-1.log,608,08/12/2019 21:22:50,,37,sos_reconcile,,10,0,backgrounder-1.log,600,08/12/2019 21:22:50,True,,2,node1
[metrics_data],1,backgrounder-1.log,611,08/12/2019 21:22:50,,38,tdfs_refresh_to_reconcile,,10,0,backgrounder-1.log,609,08/12/2019 21:22:50,True,,2,node1
[extract],1,backgrounder-1.log,617,08/12/2019 21:22:50,,39,tdfs_refresh_to_fresh,,10,0,backgrounder-1.log,612,08/12/2019 21:22:50,True,,2,node1
[extract],1,backgrounder-1.log,625,08/12/2019 21:22:50,,40,sos_reconcile,,10,0,backgrounder-1.log,618,08/12/2019 21:22:50,True,,2,node1
[extract],1,backgrounder-1.log,631,08/12/2019 21:22:50,,41,tdfs_refresh_to_delete,,10,0,backgrounder-1.log,626,08/12/2019 21:22:50,True,,3,node1
[extract],1,backgrounder-1.log,640,08/12/2019 21:22:50,,42,tdfs_refresh_to_reconcile,,10,0,backgrounder-1.log,632,08/12/2019 21:22:50,True,,3,node1
[datasource],1,backgrounder-1.log,649,08/12/2019 21:22:50,,43,sos_reconcile,,10,0,backgrounder-1.log,641,08/12/2019 21:22:50,True,,3,node1
[datasource],1,backgrounder-1.log,652,08/12/2019 21:22:50,,44,tdfs_refresh_to_reconcile,,10,0,backgrounder-1.log,650,08/12/2019 21:22:50,True,,3,node1
[datasource_reduced],1,backgrounder-1.log,661,08/12/2019 21:22:50,,45,sos_reconcile,,10,0,backgrounder-1.log,653,08/12/2019 21:22:50,True,,3,node1
[datasource_reduced],1,backgrounder-1.log,664,08/12/2019 21:22:50,,46,tdfs_refresh_to_reconcile,,10,0,backgrounder-1.log,662,08/12/2019 21:22:50,True,,3,node1
[viz_snapshot_thumbnail],1,backgrounder-1.log,673,08/12/2019 21:22:50,,47,sos_reconcile,,10,0,backgrounder-1.log,665,08/12/2019 21:22:50,True,,3,node1
[viz_snapshot_thumbnail],1,backgrounder-1.log,676,08/12/2019 21:22:50,,48,tdfs_refresh_to_reconcile,,10,0,backgrounder-1.log,674,08/12/2019 21:22:50,True,,3,node1
[view_thumbnail],1,backgrounder-1.log,685,08/12/2019 21:22:50,,49,sos_reconcile,,10,0,backgrounder-1.log,677,08/12/2019 21:22:50,True,,3,node1
[view_thumbnail],1,backgrounder-1.log,688,08/12/2019 21:22:50,,50,tdfs_refresh_to_reconcile,,10,0,backgrounder-1.log,686,08/12/2019 21:22:50,True,,3,node1
,1,backgrounder-1.log,762,08/12/2019 21:23:09,,51,recommendations_trainer,,10,19,backgrounder-1.log,689,08/12/2019 21:22:50,True,,22,node1
,1,backgrounder-1.log,779,08/12/2019 21:25:49,,54,delete_expired_tickets,,0,0,backgrounder-1.log,777,08/12/2019 21:25:49,True,,2,node1
,1,backgrounder-1.log,782,08/12/2019 21:25:49,,55,enqueue_data_alerts,,10,0,backgrounder-1.log,780,08/12/2019 21:25:49,True,,2,node1
,1,backgrounder-1.log,822,08/12/2019 21:30:50,,56,delete_expired_tickets,,0,0,backgrounder-1.log,820,08/12/2019 21:30:50,True,,2,node1
,1,backgrounder-1.log,826,08/12/2019 21:30:50,,60,aggregate_analytics,,0,0,backgrounder-1.log,823,08/12/2019 21:30:50,True,,2,node1
[extract],1,backgrounder-1.log,833,08/12/2019 21:30:50,,57,tdfs_refresh_to_fresh,,10,0,backgrounder-1.log,827,08/12/2019 21:30:50,True,,2,node1
,1,backgrounder-1.log,835,08/12/2019 21:30:50,,58,delete_old_index_updates,,10,0,backgrounder-1.log,834,08/12/2019 21:30:50,True,,2,node1
,1,backgrounder-1.log,838,08/12/2019 21:30:50,,59,low_disk_space_monitoring,,10,0,backgrounder-1.log,836,08/12/2019 21:30:50,True,,2,node1
,1,backgrounder-1.log,840,08/12/2019 21:30:50,,61,enqueue_data_alerts,,10,0,backgrounder-1.log,839,08/12/2019 21:30:50,True,,2,node1
,1,backgrounder-1.log,860,08/12/2019 21:35:50,,62,delete_expired_tickets,,0,0,backgrounder-1.log,858,08/12/2019 21:35:50,True,,2,node1
,1,backgrounder-1.log,862,08/12/2019 21:35:50,,63,enqueue_data_alerts,,10,0,backgrounder-1.log,861,08/12/2019 21:35:50,True,,2,node1
,1,backgrounder-1.log,893,08/12/2019 21:40:50,,64,purge_expired_wgsessions,,0,0,backgrounder-1.log,891,08/12/2019 21:40:50,True,,2,node1
,1,backgrounder-1.log,896,08/12/2019 21:40:50,,65,delete_expired_tickets,,0,0,backgrounder-1.log,894,08/12/2019 21:40:50,True,,2,node1
,1,backgrounder-1.log,898,08/12/2019 21:40:50,,66,delete_old_index_updates,,10,0,backgrounder-1.log,897,08/12/2019 21:40:50,True,,2,node1
,1,backgrounder-1.log,900,08/12/2019 21:40:50,,67,enqueue_data_alerts,,10,0,backgrounder-1.log,899,08/12/2019 21:40:50,True,,2,node1
,1,backgrounder-1.log,933,08/12/2019 21:45:50,,68,delete_expired_tickets,,0,0,backgrounder-1.log,931,08/12/2019 21:45:50,True,,2,node1
,1,backgrounder-1.log,937,08/12/2019 21:45:50,,70,aggregate_analytics,,0,0,backgrounder-1.log,934,08/12/2019 21:45:50,True,,2,node1
,1,backgrounder-1.log,940,08/12/2019 21:45:50,,69,low_disk_space_monitoring,,10,0,backgrounder-1.log,938,08/12/2019 21:45:50,True,,2,node1
[extract],1,backgrounder-1.log,947,08/12/2019 21:45:50,,71,tdfs_refresh_to_fresh,,10,0,backgrounder-1.log,941,08/12/2019 21:45:50,True,,2,node1
,1,backgrounder-1.log,949,08/12/2019 21:45:50,,72,enqueue_data_alerts,,10,0,backgrounder-1.log,948,08/12/2019 21:45:50,True,,2,node1
,1,backgrounder-1.log,976,08/12/2019 21:50:50,,73,delete_expired_tickets,,0,0,backgrounder-1.log,974,08/12/2019 21:50:50,True,,2,node1
,1,backgrounder-1.log,978,08/12/2019 21:50:50,,74,delete_old_index_updates,,10,0,backgrounder-1.log,977,08/12/2019 21:50:50,True,,2,node1
,1,backgrounder-1.log,980,08/12/2019 21:50:50,,75,enqueue_data_alerts,,10,0,backgrounder-1.log,979,08/12/2019 21:50:50,True,,2,node1
,1,backgrounder-1.log,1000,08/12/2019 21:55:50,,76,delete_expired_tickets,,0,0,backgrounder-1.log,998,08/12/2019 21:55:50,True,,2,node1
,1,backgrounder-1.log,1002,08/12/2019 21:55:50,,77,enqueue_data_alerts,,10,0,backgrounder-1.log,1001,08/12/2019 21:55:50,True,,2,node1
,1,backgrounder-1.log,1146,08/12/2019 22:00:50,,78,purge_expired_wgsessions,,0,0,backgrounder-1.log,1144,08/12/2019 22:00:50,True,,2,node1
,1,backgrounder-1.log,1149,08/12/2019 22:00:50,,79,delete_expired_tickets,,0,0,backgrounder-1.log,1147,08/12/2019 22:00:50,True,,2,node1
,1,backgrounder-1.log,1153,08/12/2019 22:00:50,,80,delete_old_background_jobs,,0,0,backgrounder-1.log,1150,08/12/2019 22:00:50,True,,2,node1
,1,backgrounder-1.log,1155,08/12/2019 22:00:50,,81,clean_sheet_image_cache,,0,0,backgrounder-1.log,1154,08/12/2019 22:00:50,True,,2,node1
,1,backgrounder-1.log,1159,08/12/2019 22:00:50,,86,aggregate_analytics,,0,0,backgrounder-1.log,1156,08/12/2019 22:00:50,True,,2,node1
,1,backgrounder-1.log,1190,08/12/2019 22:00:51,,82,sync_search_index,,10,0,backgrounder-1.log,1160,08/12/2019 22:00:50,True,,3,node1
,1,backgrounder-1.log,1193,08/12/2019 22:00:51,,83,reap_oauth_request_tokens,,10,0,backgrounder-1.log,1191,08/12/2019 22:00:51,True,,3,node1
"[1, -1]",1,backgrounder-1.log,1199,08/12/2019 22:00:51,,84,migrate_content_version_files,,10,0,backgrounder-1.log,1194,08/12/2019 22:00:51,True,,3,node1
,1,backgrounder-1.log,1202,08/12/2019 22:00:51,,85,low_disk_space_monitoring,,10,0,backgrounder-1.log,1200,08/12/2019 22:00:51,True,,3,node1
,1,backgrounder-1.log,1204,08/12/2019 22:00:51,,87,delete_old_index_updates,,10,0,backgrounder-1.log,1203,08/12/2019 22:00:51,True,,3,node1
[workbook],1,backgrounder-1.log,1210,08/12/2019 22:00:51,,88,sos_reconcile,,10,0,backgrounder-1.log,1205,08/12/2019 22:00:51,True,,3,node1
[workbook],1,backgrounder-1.log,1212,08/12/2019 22:00:51,,89,tdfs_refresh_to_reconcile,,10,0,backgrounder-1.log,1211,08/12/2019 22:00:51,True,,3,node1
[workbook_reduced],1,backgrounder-1.log,1221,08/12/2019 22:00:51,,90,sos_reconcile,,10,0,backgrounder-1.log,1213,08/12/2019 22:00:51,True,,3,node1
[workbook_reduced],1,backgrounder-1.log,1223,08/12/2019 22:00:51,,91,tdfs_refresh_to_reconcile,,10,0,backgrounder-1.log,1222,08/12/2019 22:00:51,True,,3,node1
[viz_snapshot_image],1,backgrounder-1.log,1229,08/12/2019 22:00:51,,92,sos_reconcile,,10,0,backgrounder-1.log,1224,08/12/2019 22:00:51,True,,3,node1
[viz_snapshot_image],1,backgrounder-1.log,1231,08/12/2019 22:00:51,,93,tdfs_refresh_to_reconcile,,10,0,backgrounder-1.log,1230,08/12/2019 22:00:51,True,,3,node1
[user_image],1,backgrounder-1.log,1237,08/12/2019 22:00:51,,94,sos_reconcile,,10,0,backgrounder-1.log,1232,08/12/2019 22:00:51,True,,3,node1
[user_image],1,backgrounder-1.log,1239,08/12/2019 22:00:51,,95,tdfs_refresh_to_reconcile,,10,0,backgrounder-1.log,1238,08/12/2019 22:00:51,True,,3,node1
[sheet_image],1,backgrounder-1.log,1245,08/12/2019 22:00:51,,96,sos_reconcile,,10,0,backgrounder-1.log,1240,08/12/2019 22:00:51,True,,3,node1
[sheet_image],1,backgrounder-1.log,1247,08/12/2019 22:00:51,,97,tdfs_refresh_to_reconcile,,10,0,backgrounder-1.log,1246,08/12/2019 22:00:51,True,,3,node1
[viz_snapshot_data],1,backgrounder-1.log,1253,08/12/2019 22:00:51,,98,sos_reconcile,,10,0,backgrounder-1.log,1248,08/12/2019 22:00:51,True,,3,node1
[viz_snapshot_data],1,backgrounder-1.log,1255,08/12/2019 22:00:51,,99,tdfs_refresh_to_reconcile,,10,0,backgrounder-1.log,1254,08/12/2019 22:00:51,True,,3,node1
[customized_view],1,backgrounder-1.log,1261,08/12/2019 22:00:51,,100,sos_reconcile,,10,0,backgrounder-1.log,1256,08/12/2019 22:00:51,True,,3,node1
[customized_view],1,backgrounder-1.log,1263,08/12/2019 22:00:51,,101,tdfs_refresh_to_reconcile,,10,0,backgrounder-1.log,1262,08/12/2019 22:00:51,True,,3,node1
[customized_view_thumbnail],1,backgrounder-1.log,1269,08/12/2019 22:00:51,,102,sos_reconcile,,10,0,backgrounder-1.log,1264,08/12/2019 22:00:51,True,,3,node1
[customized_view_thumbnail],1,backgrounder-1.log,1271,08/12/2019 22:00:51,,103,tdfs_refresh_to_reconcile,,10,0,backgrounder-1.log,1270,08/12/2019 22:00:51,True,,3,node1
[revision],1,backgrounder-1.log,1277,08/12/2019 22:00:51,,104,sos_reconcile,,10,0,backgrounder-1.log,1272,08/12/2019 22:00:51,True,,3,node1
[revision],1,backgrounder-1.log,1284,08/12/2019 22:00:51,,105,tdfs_refresh_to_reconcile,,10,0,backgrounder-1.log,1278,08/12/2019 22:00:51,True,,3,node1
[metrics_data],1,backgrounder-1.log,1290,08/12/2019 22:00:51,,106,sos_reconcile,,10,0,backgrounder-1.log,1285,08/12/2019 22:00:51,True,,3,node1
[metrics_data],1,backgrounder-1.log,1292,08/12/2019 22:00:51,,107,tdfs_refresh_to_reconcile,,10,0,backgrounder-1.log,1291,08/12/2019 22:00:51,True,,3,node1
[extract],1,backgrounder-1.log,1299,08/12/2019 22:00:51,,108,tdfs_refresh_to_fresh,,10,0,backgrounder-1.log,1293,08/12/2019 22:00:51,True,,3,node1
[extract],1,backgrounder-1.log,1309,08/12/2019 22:00:51,,109,sos_reconcile,,10,0,backgrounder-1.log,1300,08/12/2019 22:00:51,True,,3,node1
[extract],1,backgrounder-1.log,1313,08/12/2019 22:00:51,,110,tdfs_refresh_to_delete,,10,0,backgrounder-1.log,1310,08/12/2019 22:00:51,True,,3,node1
[extract],1,backgrounder-1.log,1321,08/12/2019 22:00:52,,111,tdfs_refresh_to_reconcile,,10,0,backgrounder-1.log,1314,08/12/2019 22:00:51,True,,3,node1
[datasource],1,backgrounder-1.log,1327,08/12/2019 22:00:52,,112,sos_reconcile,,10,0,backgrounder-1.log,1322,08/12/2019 22:00:52,True,,3,node1
[datasource],1,backgrounder-1.log,1329,08/12/2019 22:00:52,,113,tdfs_refresh_to_reconcile,,10,0,backgrounder-1.log,1328,08/12/2019 22:00:52,True,,3,node1
[datasource_reduced],1,backgrounder-1.log,1335,08/12/2019 22:00:52,,114,sos_reconcile,,10,0,backgrounder-1.log,1330,08/12/2019 22:00:52,True,,3,node1
[datasource_reduced],1,backgrounder-1.log,1337,08/12/2019 22:00:52,,115,tdfs_refresh_to_reconcile,,10,0,backgrounder-1.log,1336,08/12/2019 22:00:52,True,,3,node1
[viz_snapshot_thumbnail],1,backgrounder-1.log,1343,08/12/2019 22:00:52,,116,sos_reconcile,,10,0,backgrounder-1.log,1338,08/12/2019 22:00:52,True,,3,node1
[viz_snapshot_thumbnail],1,backgrounder-1.log,1345,08/12/2019 22:00:52,,117,tdfs_refresh_to_reconcile,,10,0,backgrounder-1.log,1344,08/12/2019 22:00:52,True,,3,node1
[view_thumbnail],1,backgrounder-1.log,1354,08/12/2019 22:00:52,,118,sos_reconcile,,10,0,backgrounder-1.log,1346,08/12/2019 22:00:52,True,,3,node1
[view_thumbnail],1,backgrounder-1.log,1356,08/12/2019 22:00:52,,119,tdfs_refresh_to_reconcile,,10,0,backgrounder-1.log,1355,08/12/2019 22:00:52,True,,3,node1
,1,backgrounder-1.log,1358,08/12/2019 22:00:52,,120,enqueue_data_alerts,,10,0,backgrounder-1.log,1357,08/12/2019 22:00:52,True,,3,node1
,1,backgrounder-1.log,1378,08/12/2019 22:05:52,,121,delete_expired_tickets,,0,0,backgrounder-1.log,1376,08/12/2019 22:05:52,True,,3,node1
,1,backgrounder-1.log,1380,08/12/2019 22:05:52,,122,enqueue_data_alerts,,10,0,backgrounder-1.log,1379,08/12/2019 22:05:52,True,,3,node1
,1,backgrounder-1.log,1593,08/12/2019 22:40:36,,146,purge_expired_wgsessions,,0,0,backgrounder-1.log,1589,08/12/2019 22:40:36,True,,3,node1
,1,backgrounder-1.log,1597,08/12/2019 22:40:36,,147,delete_expired_tickets,,0,0,backgrounder-1.log,1594,08/12/2019 22:40:36,True,,3,node1
,1,backgrounder-1.log,1600,08/12/2019 22:40:36,,148,enqueue_data_alerts,,10,0,backgrounder-1.log,1598,08/12/2019 22:40:36,True,,3,node1
,1,backgrounder-1.log,1603,08/12/2019 22:40:36,,149,delete_old_index_updates,,10,0,backgrounder-1.log,1601,08/12/2019 22:40:36,True,,3,node1
,1,backgrounder-1.log,1606,08/12/2019 22:45:36,,150,delete_expired_tickets,,0,0,backgrounder-1.log,1604,08/12/2019 22:45:36,True,,3,node1
,1,backgrounder-1.log,1610,08/12/2019 22:45:36,,154,aggregate_analytics,,0,0,backgrounder-1.log,1607,08/12/2019 22:45:36,True,,3,node1
,1,backgrounder-1.log,1612,08/12/2019 22:45:36,,151,enqueue_data_alerts,,10,0,backgrounder-1.log,1611,08/12/2019 22:45:36,True,,3,node1
[extract],1,backgrounder-1.log,1623,08/12/2019 22:45:36,,152,tdfs_refresh_to_fresh,,10,0,backgrounder-1.log,1613,08/12/2019 22:45:36,True,,3,node1
,1,backgrounder-1.log,1627,08/12/2019 22:45:36,,153,low_disk_space_monitoring,,10,0,backgrounder-1.log,1624,08/12/2019 22:45:36,True,,3,node1
,1,backgrounder-1.log,1630,08/12/2019 22:50:36,,155,delete_expired_tickets,,0,0,backgrounder-1.log,1628,08/12/2019 22:50:36,True,,3,node1
,1,backgrounder-1.log,1632,08/12/2019 22:50:36,,156,delete_old_index_updates,,10,0,backgrounder-1.log,1631,08/12/2019 22:50:36,True,,3,node1
,1,backgrounder-1.log,1634,08/12/2019 22:50:36,,157,enqueue_data_alerts,,10,0,backgrounder-1.log,1633,08/12/2019 22:50:36,True,,3,node1
,1,backgrounder-1.log,1637,08/12/2019 22:55:37,,158,delete_expired_tickets,,0,0,backgrounder-1.log,1635,08/12/2019 22:55:37,True,,3,node1
,1,backgrounder-1.log,1639,08/12/2019 22:55:37,,159,enqueue_data_alerts,,10,0,backgrounder-1.log,1638,08/12/2019 22:55:37,True,,3,node1
,1,backgrounder-1.log,1642,08/12/2019 23:00:37,,160,delete_expired_tickets,,0,0,backgrounder-1.log,1640,08/12/2019 23:00:37,True,,3,node1
,1,backgrounder-1.log,1645,08/12/2019 23:00:37,,161,purge_expired_wgsessions,,0,0,backgrounder-1.log,1643,08/12/2019 23:00:37,True,,3,node1
,1,backgrounder-1.log,1650,08/12/2019 23:00:37,,162,delete_old_background_jobs,,0,0,backgrounder-1.log,1646,08/12/2019 23:00:37,True,,3,node1
,1,backgrounder-1.log,1654,08/12/2019 23:00:37,,163,clean_sheet_image_cache,,0,0,backgrounder-1.log,1651,08/12/2019 23:00:37,True,,3,node1
,1,backgrounder-1.log,1658,08/12/2019 23:00:37,,167,aggregate_analytics,,0,0,backgrounder-1.log,1655,08/12/2019 23:00:37,True,,3,node1
,1,backgrounder-1.log,1661,08/12/2019 23:00:37,,164,reap_oauth_request_tokens,,10,0,backgrounder-1.log,1659,08/12/2019 23:00:37,True,,3,node1
"[1, -1]",1,backgrounder-1.log,1667,08/12/2019 23:00:37,,165,migrate_content_version_files,,10,0,backgrounder-1.log,1662,08/12/2019 23:00:37,True,,3,node1
[workbook],1,backgrounder-1.log,1678,08/12/2019 23:00:37,,170,sos_reconcile,,10,0,backgrounder-1.log,1668,08/12/2019 23:00:37,True,,3,node1
[workbook_reduced],1,backgrounder-1.log,1682,08/12/2019 23:00:37,,173,tdfs_refresh_to_reconcile,,10,0,backgrounder-1.log,1679,08/12/2019 23:00:37,True,,3,node1
[viz_snapshot_image],1,backgrounder-1.log,1691,08/12/2019 23:00:37,,174,sos_reconcile,,10,0,backgrounder-1.log,1683,08/12/2019 23:00:37,True,,3,node1
[user_image],1,backgrounder-1.log,1700,08/12/2019 23:00:37,,176,sos_reconcile,,10,0,backgrounder-1.log,1692,08/12/2019 23:00:37,True,,3,node1
[sheet_image],1,backgrounder-1.log,1703,08/12/2019 23:00:37,,179,tdfs_refresh_to_reconcile,,10,0,backgrounder-1.log,1701,08/12/2019 23:00:37,True,,3,node1
[viz_snapshot_data],1,backgrounder-1.log,1707,08/12/2019 23:00:37,,181,tdfs_refresh_to_reconcile,,10,0,backgrounder-1.log,1704,08/12/2019 23:00:37,True,,3,node1
[customized_view],1,backgrounder-1.log,1711,08/12/2019 23:00:37,,183,tdfs_refresh_to_reconcile,,10,0,backgrounder-1.log,1708,08/12/2019 23:00:37,True,,3,node1
[customized_view_thumbnail],1,backgrounder-1.log,1720,08/12/2019 23:00:37,,184,sos_reconcile,,10,0,backgrounder-1.log,1712,08/12/2019 23:00:37,True,,3,node1
[revision],1,backgrounder-1.log,1730,08/12/2019 23:00:37,,187,tdfs_refresh_to_reconcile,,10,0,backgrounder-1.log,1721,08/12/2019 23:00:37,True,,4,node1
[extract],1,backgrounder-1.log,1737,08/12/2019 23:00:37,,190,tdfs_refresh_to_fresh,,10,0,backgrounder-1.log,1731,08/12/2019 23:00:37,True,,4,node1
[extract],1,backgrounder-1.log,1743,08/12/2019 23:00:37,,192,tdfs_refresh_to_delete,,10,0,backgrounder-1.log,1738,08/12/2019 23:00:37,True,,4,node1
[datasource],1,backgrounder-1.log,1752,08/12/2019 23:00:37,,194,sos_reconcile,,10,0,backgrounder-1.log,1744,08/12/2019 23:00:37,True,,4,node1
[datasource_reduced],1,backgrounder-1.log,1756,08/12/2019 23:00:37,,197,tdfs_refresh_to_reconcile,,10,0,backgrounder-1.log,1753,08/12/2019 23:00:37,True,,4,node1
[viz_snapshot_thumbnail],1,backgrounder-1.log,1765,08/12/2019 23:00:37,,198,sos_reconcile,,10,0,backgrounder-1.log,1757,08/12/2019 23:00:37,True,,4,node1
[view_thumbnail],1,backgrounder-1.log,1769,08/12/2019 23:00:37,,201,tdfs_refresh_to_reconcile,,10,0,backgrounder-1.log,1766,08/12/2019 23:00:37,True,,4,node1
,1,backgrounder-1.log,1802,08/12/2019 23:00:39,,202,sync_search_index,,10,1,backgrounder-1.log,1770,08/12/2019 23:00:37,True,,5,node1
