Class,Message,Severity,FileName,FilePath,LineNumber,Timestamp,Worker
org.apache.zookeeper.server.quorum.QuorumPeerConfig,"Invalid configuration, only one server specified (ignoring)",ERROR,zookeeper-0.log,node1/zookeeper/zookeeper-0.log,3,08/12/2019 20:37:11,node1
org.apache.zookeeper.server.quorum.QuorumPeerConfig,"Invalid configuration, only one server specified (ignoring)",ERROR,zookeeper-0.log,node1/zookeeper/zookeeper-0.log,11,08/12/2019 20:37:11,node1
org.apache.zookeeper.server.quorum.QuorumPeerConfig,"Invalid configuration, only one server specified (ignoring)",ERROR,zookeeper-0.log,node1/zookeeper/zookeeper-0.log,49,08/12/2019 21:16:03,node1
org.apache.zookeeper.server.quorum.QuorumPeerConfig,"Invalid configuration, only one server specified (ignoring)",ERROR,zookeeper-0.log,node1/zookeeper/zookeeper-0.log,57,08/12/2019 21:16:03,node1
org.apache.zookeeper.server.quorum.QuorumPeerConfig,"Invalid configuration, only one server specified (ignoring)",ERROR,zookeeper-0.log,node1/zookeeper/zookeeper-0.log,96,08/12/2019 21:19:31,node1
org.apache.zookeeper.server.quorum.QuorumPeerConfig,"Invalid configuration, only one server specified (ignoring)",ERROR,zookeeper-0.log,node1/zookeeper/zookeeper-0.log,103,08/12/2019 21:19:31,node1
org.apache.zookeeper.server.quorum.QuorumPeerConfig,"Invalid configuration, only one server specified (ignoring)",ERROR,zookeeper-0.log,node1/zookeeper/zookeeper-0.log,1740,08/12/2019 22:17:18,node1
org.apache.zookeeper.server.quorum.QuorumPeerConfig,"Invalid configuration, only one server specified (ignoring)",ERROR,zookeeper-0.log,node1/zookeeper/zookeeper-0.log,1748,08/12/2019 22:17:18,node1
