FileLastModifiedUtc,Hostname,Port,Process,Worker
01/19/2025 21:10:12,localhost,8250,backgrounder,node1
01/19/2025 21:10:12,localhost,8251,backgrounder,node1
01/19/2025 21:10:12,localhost,6379,cacheserver,node1
01/19/2025 21:10:12,localhost,6380,cacheserver,node1
01/19/2025 21:10:12,localhost,9700,dataserver,node1
01/19/2025 21:10:12,localhost,9701,dataserver,node1
01/19/2025 21:10:12,localhost,9345,filestore,node1
01/19/2025 21:10:12,localhost,80,gateway,node1
01/19/2025 21:10:12,localhost,7483,hyper,node1
01/19/2025 21:10:12,localhost,11000,searchserver,node1
01/19/2025 21:10:12,localhost,8600,vizportal,node1
01/19/2025 21:10:12,localhost,9100,vizqlserver,node1
01/19/2025 21:10:12,localhost,9101,vizqlserver,node1
01/19/2025 21:10:12,localhost,12000,zookeeper,node1
01/19/2025 21:10:12,localhost,8060,pgsql,node1
