ProcessMemoryUtil,TableauTotalMemoryUtil,TotalMemoryUtil,ProcessName,ProcessIndex,ProcessId,FileName,FilePath,LineNumber,Timestamp,Worker
134348800,4908027904,10531483648,hyper,,9600,hyper_2019_08_12_22_17_16.log,node1/hyper/hyper_2019_08_12_22_17_16.log,25,08/12/2019 22:32:39,node1
160628736,5328900096,9387679744,hyper,,3728,hyper_2019_08_12_21_19_30.log,node1/hyper/hyper_2019_08_12_21_19_30.log,1407,08/12/2019 21:34:51,node1
158990336,5400293376,9445040128,hyper,,3728,hyper_2019_08_12_21_19_30.log,node1/hyper/hyper_2019_08_12_21_19_30.log,1409,08/12/2019 21:49:51,node1
158990336,5498052608,9635475456,hyper,,3728,hyper_2019_08_12_21_19_30.log,node1/hyper/hyper_2019_08_12_21_19_30.log,1411,08/12/2019 22:04:51,node1
192159744,7312535552,12927569920,hyper,,9600,hyper_2019_08_12_22_17_16.log,node1/hyper/hyper_2019_08_12_22_17_16.log,3127,08/12/2019 22:47:39,node1
192159744,7338655744,12935987200,hyper,,9600,hyper_2019_08_12_22_17_16.log,node1/hyper/hyper_2019_08_12_22_17_16.log,3129,08/12/2019 23:02:39,node1
192159744,7277690880,12804874240,hyper,,9600,hyper_2019_08_12_22_17_16.log,node1/hyper/hyper_2019_08_12_22_17_16.log,3131,08/12/2019 23:17:39,node1
192159744,7279132672,12815384576,hyper,,9600,hyper_2019_08_12_22_17_16.log,node1/hyper/hyper_2019_08_12_22_17_16.log,3133,08/12/2019 23:32:39,node1
192159744,7289298944,12733440000,hyper,,9600,hyper_2019_08_12_22_17_16.log,node1/hyper/hyper_2019_08_12_22_17_16.log,3135,08/12/2019 23:47:40,node1
