ProcessCpuUtil,TotalCpuUtil,ProcessName,ProcessIndex,ProcessId,FileName,FilePath,LineNumber,Timestamp,Worker
0,,hyper,,9600,hyper_2019_08_12_22_17_16.log,node1/hyper/hyper_2019_08_12_22_17_16.log,24,08/12/2019 22:32:39,node1
0,,hyper,,3728,hyper_2019_08_12_21_19_30.log,node1/hyper/hyper_2019_08_12_21_19_30.log,1406,08/12/2019 21:34:51,node1
0,,hyper,,3728,hyper_2019_08_12_21_19_30.log,node1/hyper/hyper_2019_08_12_21_19_30.log,1408,08/12/2019 21:49:51,node1
0,,hyper,,3728,hyper_2019_08_12_21_19_30.log,node1/hyper/hyper_2019_08_12_21_19_30.log,1410,08/12/2019 22:04:51,node1
0,,hyper,,9600,hyper_2019_08_12_22_17_16.log,node1/hyper/hyper_2019_08_12_22_17_16.log,3126,08/12/2019 22:47:39,node1
0,,hyper,,9600,hyper_2019_08_12_22_17_16.log,node1/hyper/hyper_2019_08_12_22_17_16.log,3128,08/12/2019 23:02:39,node1
0,,hyper,,9600,hyper_2019_08_12_22_17_16.log,node1/hyper/hyper_2019_08_12_22_17_16.log,3130,08/12/2019 23:17:39,node1
0,,hyper,,9600,hyper_2019_08_12_22_17_16.log,node1/hyper/hyper_2019_08_12_22_17_16.log,3132,08/12/2019 23:32:39,node1
0,,hyper,,9600,hyper_2019_08_12_22_17_16.log,node1/hyper/hyper_2019_08_12_22_17_16.log,3134,08/12/2019 23:47:40,node1
