CpuLimit,PerProcessMemoryLimit,TotalMemoryLimit,ProcessName,ProcessIndex,ProcessId,FileName,FilePath,LineNumber,Timestamp,Worker
95,,,backgrounder,0,976,backgrounder_0-0_2019_08_12_21_21_54.txt,vizqlserver/Logs/backgrounder_0-0_2019_08_12_21_21_54.txt,379,08/12/2019 21:22:02,worker0
,23788739788,,backgrounder,0,976,backgrounder_0-0_2019_08_12_21_21_54.txt,vizqlserver/Logs/backgrounder_0-0_2019_08_12_21_21_54.txt,380,08/12/2019 21:22:02,worker0
,,32284718284,backgrounder,0,976,backgrounder_0-0_2019_08_12_21_21_54.txt,vizqlserver/Logs/backgrounder_0-0_2019_08_12_21_21_54.txt,381,08/12/2019 21:22:02,worker0
95,,,backgrounder,0,9192,backgrounder_0-0_2019_08_12_22_19_33.txt,vizqlserver/Logs/backgrounder_0-0_2019_08_12_22_19_33.txt,378,08/12/2019 22:19:57,worker0
,23788739788,,backgrounder,0,9192,backgrounder_0-0_2019_08_12_22_19_33.txt,vizqlserver/Logs/backgrounder_0-0_2019_08_12_22_19_33.txt,379,08/12/2019 22:19:57,worker0
,,32284718284,backgrounder,0,9192,backgrounder_0-0_2019_08_12_22_19_33.txt,vizqlserver/Logs/backgrounder_0-0_2019_08_12_22_19_33.txt,380,08/12/2019 22:19:57,worker0
95,,,backgrounder,1,532,backgrounder_0-1_2019_08_12_21_21_48.txt,vizqlserver/Logs/backgrounder_0-1_2019_08_12_21_21_48.txt,378,08/12/2019 21:22:00,worker0
,23788739788,,backgrounder,1,532,backgrounder_0-1_2019_08_12_21_21_48.txt,vizqlserver/Logs/backgrounder_0-1_2019_08_12_21_21_48.txt,379,08/12/2019 21:22:00,worker0
,,32284718284,backgrounder,1,532,backgrounder_0-1_2019_08_12_21_21_48.txt,vizqlserver/Logs/backgrounder_0-1_2019_08_12_21_21_48.txt,380,08/12/2019 21:22:00,worker0
95,,,backgrounder,1,9276,backgrounder_0-1_2019_08_12_22_19_36.txt,vizqlserver/Logs/backgrounder_0-1_2019_08_12_22_19_36.txt,378,08/12/2019 22:19:57,worker0
,23788739788,,backgrounder,1,9276,backgrounder_0-1_2019_08_12_22_19_36.txt,vizqlserver/Logs/backgrounder_0-1_2019_08_12_22_19_36.txt,379,08/12/2019 22:19:57,worker0
,,32284718284,backgrounder,1,9276,backgrounder_0-1_2019_08_12_22_19_36.txt,vizqlserver/Logs/backgrounder_0-1_2019_08_12_22_19_36.txt,380,08/12/2019 22:19:57,worker0
95,,,dataserver,0,892,dataserver_0-0_2019_08_12_21_21_54.txt,vizqlserver/Logs/dataserver_0-0_2019_08_12_21_21_54.txt,380,08/12/2019 21:22:02,worker0
,23788739788,,dataserver,0,892,dataserver_0-0_2019_08_12_21_21_54.txt,vizqlserver/Logs/dataserver_0-0_2019_08_12_21_21_54.txt,381,08/12/2019 21:22:02,worker0
,,32284718284,dataserver,0,892,dataserver_0-0_2019_08_12_21_21_54.txt,vizqlserver/Logs/dataserver_0-0_2019_08_12_21_21_54.txt,382,08/12/2019 21:22:02,worker0
95,,,dataserver,0,8428,dataserver_0-0_2019_08_12_22_19_53.txt,vizqlserver/Logs/dataserver_0-0_2019_08_12_22_19_53.txt,379,08/12/2019 22:20:04,worker0
,23788739788,,dataserver,0,8428,dataserver_0-0_2019_08_12_22_19_53.txt,vizqlserver/Logs/dataserver_0-0_2019_08_12_22_19_53.txt,380,08/12/2019 22:20:04,worker0
,,32284718284,dataserver,0,8428,dataserver_0-0_2019_08_12_22_19_53.txt,vizqlserver/Logs/dataserver_0-0_2019_08_12_22_19_53.txt,381,08/12/2019 22:20:04,worker0
95,,,dataserver,1,4664,dataserver_0-1_2019_08_12_21_21_55.txt,vizqlserver/Logs/dataserver_0-1_2019_08_12_21_21_55.txt,380,08/12/2019 21:22:02,worker0
,23788739788,,dataserver,1,4664,dataserver_0-1_2019_08_12_21_21_55.txt,vizqlserver/Logs/dataserver_0-1_2019_08_12_21_21_55.txt,381,08/12/2019 21:22:02,worker0
,,32284718284,dataserver,1,4664,dataserver_0-1_2019_08_12_21_21_55.txt,vizqlserver/Logs/dataserver_0-1_2019_08_12_21_21_55.txt,382,08/12/2019 21:22:02,worker0
95,,,dataserver,1,9340,dataserver_0-1_2019_08_12_22_19_53.txt,vizqlserver/Logs/dataserver_0-1_2019_08_12_22_19_53.txt,379,08/12/2019 22:20:04,worker0
,23788739788,,dataserver,1,9340,dataserver_0-1_2019_08_12_22_19_53.txt,vizqlserver/Logs/dataserver_0-1_2019_08_12_22_19_53.txt,380,08/12/2019 22:20:04,worker0
,,32284718284,dataserver,1,9340,dataserver_0-1_2019_08_12_22_19_53.txt,vizqlserver/Logs/dataserver_0-1_2019_08_12_22_19_53.txt,381,08/12/2019 22:20:04,worker0
95,,,vizqlserver,0,6184,vizqlserver_0-0_2019_08_12_21_21_58.txt,vizqlserver/Logs/vizqlserver_0-0_2019_08_12_21_21_58.txt,380,08/12/2019 21:22:03,worker0
,23788739788,,vizqlserver,0,6184,vizqlserver_0-0_2019_08_12_21_21_58.txt,vizqlserver/Logs/vizqlserver_0-0_2019_08_12_21_21_58.txt,381,08/12/2019 21:22:03,worker0
,,32284718284,vizqlserver,0,6184,vizqlserver_0-0_2019_08_12_21_21_58.txt,vizqlserver/Logs/vizqlserver_0-0_2019_08_12_21_21_58.txt,382,08/12/2019 21:22:03,worker0
95,,,vizqlserver,0,8556,vizqlserver_0-0_2019_08_12_22_20_04.txt,vizqlserver/Logs/vizqlserver_0-0_2019_08_12_22_20_04.txt,380,08/12/2019 22:20:10,worker0
,23788739788,,vizqlserver,0,8556,vizqlserver_0-0_2019_08_12_22_20_04.txt,vizqlserver/Logs/vizqlserver_0-0_2019_08_12_22_20_04.txt,381,08/12/2019 22:20:10,worker0
,,32284718284,vizqlserver,0,8556,vizqlserver_0-0_2019_08_12_22_20_04.txt,vizqlserver/Logs/vizqlserver_0-0_2019_08_12_22_20_04.txt,382,08/12/2019 22:20:10,worker0
95,,,vizqlserver,1,6168,vizqlserver_0-1_2019_08_12_21_21_57.txt,vizqlserver/Logs/vizqlserver_0-1_2019_08_12_21_21_57.txt,381,08/12/2019 21:22:02,worker0
,23788739788,,vizqlserver,1,6168,vizqlserver_0-1_2019_08_12_21_21_57.txt,vizqlserver/Logs/vizqlserver_0-1_2019_08_12_21_21_57.txt,382,08/12/2019 21:22:02,worker0
,,32284718284,vizqlserver,1,6168,vizqlserver_0-1_2019_08_12_21_21_57.txt,vizqlserver/Logs/vizqlserver_0-1_2019_08_12_21_21_57.txt,383,08/12/2019 21:22:02,worker0
95,,,vizqlserver,1,8540,vizqlserver_0-1_2019_08_12_22_19_56.txt,vizqlserver/Logs/vizqlserver_0-1_2019_08_12_22_19_56.txt,380,08/12/2019 22:20:04,worker0
,23788739788,,vizqlserver,1,8540,vizqlserver_0-1_2019_08_12_22_19_56.txt,vizqlserver/Logs/vizqlserver_0-1_2019_08_12_22_19_56.txt,381,08/12/2019 22:20:04,worker0
,,32284718284,vizqlserver,1,8540,vizqlserver_0-1_2019_08_12_22_19_56.txt,vizqlserver/Logs/vizqlserver_0-1_2019_08_12_22_19_56.txt,382,08/12/2019 22:20:04,worker0
75,,,hyper,,3728,hyper_2019_08_12_21_19_30.log,worker1/hyper/hyper_2019_08_12_21_19_30.log,12,08/12/2019 21:19:30,worker1
,28546487745,,hyper,,3728,hyper_2019_08_12_21_19_30.log,worker1/hyper/hyper_2019_08_12_21_19_30.log,13,08/12/2019 21:19:30,worker1
,,32284718284,hyper,,3728,hyper_2019_08_12_21_19_30.log,worker1/hyper/hyper_2019_08_12_21_19_30.log,14,08/12/2019 21:19:30,worker1
75,,,hyper,,9600,hyper_2019_08_12_22_17_16.log,worker1/hyper/hyper_2019_08_12_22_17_16.log,14,08/12/2019 22:17:16,worker1
,28546487745,,hyper,,9600,hyper_2019_08_12_22_17_16.log,worker1/hyper/hyper_2019_08_12_22_17_16.log,15,08/12/2019 22:17:16,worker1
,,32284718284,hyper,,9600,hyper_2019_08_12_22_17_16.log,worker1/hyper/hyper_2019_08_12_22_17_16.log,16,08/12/2019 22:17:16,worker1
95,,,protocolserver,0,11480,tabprotosrv_backgrounder_0-0.txt,vizqlserver/tabprotosrv_backgrounder_0-0.txt,131,08/12/2019 21:22:02,worker0
,23788739788,,protocolserver,0,11480,tabprotosrv_backgrounder_0-0.txt,vizqlserver/tabprotosrv_backgrounder_0-0.txt,132,08/12/2019 21:22:02,worker0
,,32284718284,protocolserver,0,11480,tabprotosrv_backgrounder_0-0.txt,vizqlserver/tabprotosrv_backgrounder_0-0.txt,133,08/12/2019 21:22:02,worker0
95,,,protocolserver,0,2060,tabprotosrv_backgrounder_0-0.txt,vizqlserver/tabprotosrv_backgrounder_0-0.txt,628,08/12/2019 22:19:58,worker0
,23788739788,,protocolserver,0,2060,tabprotosrv_backgrounder_0-0.txt,vizqlserver/tabprotosrv_backgrounder_0-0.txt,629,08/12/2019 22:19:58,worker0
,,32284718284,protocolserver,0,2060,tabprotosrv_backgrounder_0-0.txt,vizqlserver/tabprotosrv_backgrounder_0-0.txt,630,08/12/2019 22:19:58,worker0
95,,,protocolserver,1,10920,tabprotosrv_backgrounder_0-1.txt,vizqlserver/tabprotosrv_backgrounder_0-1.txt,132,08/12/2019 21:22:00,worker0
,23788739788,,protocolserver,1,10920,tabprotosrv_backgrounder_0-1.txt,vizqlserver/tabprotosrv_backgrounder_0-1.txt,133,08/12/2019 21:22:00,worker0
,,32284718284,protocolserver,1,10920,tabprotosrv_backgrounder_0-1.txt,vizqlserver/tabprotosrv_backgrounder_0-1.txt,134,08/12/2019 21:22:00,worker0
95,,,protocolserver,1,5868,tabprotosrv_backgrounder_0-1.txt,vizqlserver/tabprotosrv_backgrounder_0-1.txt,660,08/12/2019 22:19:58,worker0
,23788739788,,protocolserver,1,5868,tabprotosrv_backgrounder_0-1.txt,vizqlserver/tabprotosrv_backgrounder_0-1.txt,661,08/12/2019 22:19:58,worker0
,,32284718284,protocolserver,1,5868,tabprotosrv_backgrounder_0-1.txt,vizqlserver/tabprotosrv_backgrounder_0-1.txt,662,08/12/2019 22:19:58,worker0
95,,,protocolserver,0,13772,tabprotosrv_vizportal_0-0.txt,vizqlserver/tabprotosrv_vizportal_0-0.txt,131,08/12/2019 21:22:48,worker0
,23788739788,,protocolserver,0,13772,tabprotosrv_vizportal_0-0.txt,vizqlserver/tabprotosrv_vizportal_0-0.txt,132,08/12/2019 21:22:48,worker0
,,32284718284,protocolserver,0,13772,tabprotosrv_vizportal_0-0.txt,vizqlserver/tabprotosrv_vizportal_0-0.txt,133,08/12/2019 21:22:48,worker0
95,,,protocolserver,0,14256,tabprotosrv_vizportal_0-0.txt,vizqlserver/tabprotosrv_vizportal_0-0.txt,593,08/12/2019 21:28:32,worker0
,23788739788,,protocolserver,0,14256,tabprotosrv_vizportal_0-0.txt,vizqlserver/tabprotosrv_vizportal_0-0.txt,594,08/12/2019 21:28:32,worker0
,,32284718284,protocolserver,0,14256,tabprotosrv_vizportal_0-0.txt,vizqlserver/tabprotosrv_vizportal_0-0.txt,595,08/12/2019 21:28:32,worker0
95,,,protocolserver,0,11372,tabprotosrv_vizportal_0-0.txt,vizqlserver/tabprotosrv_vizportal_0-0.txt,836,08/12/2019 21:28:37,worker0
,23788739788,,protocolserver,0,11372,tabprotosrv_vizportal_0-0.txt,vizqlserver/tabprotosrv_vizportal_0-0.txt,837,08/12/2019 21:28:37,worker0
,,32284718284,protocolserver,0,11372,tabprotosrv_vizportal_0-0.txt,vizqlserver/tabprotosrv_vizportal_0-0.txt,838,08/12/2019 21:28:37,worker0
95,,,protocolserver,0,6344,tabprotosrv_vizportal_0-0.txt,vizqlserver/tabprotosrv_vizportal_0-0.txt,1016,08/12/2019 22:20:31,worker0
,23788739788,,protocolserver,0,6344,tabprotosrv_vizportal_0-0.txt,vizqlserver/tabprotosrv_vizportal_0-0.txt,1017,08/12/2019 22:20:31,worker0
,,32284718284,protocolserver,0,6344,tabprotosrv_vizportal_0-0.txt,vizqlserver/tabprotosrv_vizportal_0-0.txt,1018,08/12/2019 22:20:31,worker0
95,,,protocolserver,0,11656,tabprotosrv_vizqlserver_0-0.txt,vizqlserver/tabprotosrv_vizqlserver_0-0.txt,132,08/12/2019 21:22:03,worker0
,23788739788,,protocolserver,0,11656,tabprotosrv_vizqlserver_0-0.txt,vizqlserver/tabprotosrv_vizqlserver_0-0.txt,133,08/12/2019 21:22:03,worker0
,,32284718284,protocolserver,0,11656,tabprotosrv_vizqlserver_0-0.txt,vizqlserver/tabprotosrv_vizqlserver_0-0.txt,134,08/12/2019 21:22:03,worker0
95,,,protocolserver,0,11056,tabprotosrv_vizqlserver_0-0.txt,vizqlserver/tabprotosrv_vizqlserver_0-0.txt,602,08/12/2019 22:08:26,worker0
,23788739788,,protocolserver,0,11056,tabprotosrv_vizqlserver_0-0.txt,vizqlserver/tabprotosrv_vizqlserver_0-0.txt,603,08/12/2019 22:08:26,worker0
,,32284718284,protocolserver,0,11056,tabprotosrv_vizqlserver_0-0.txt,vizqlserver/tabprotosrv_vizqlserver_0-0.txt,604,08/12/2019 22:08:26,worker0
95,,,protocolserver,0,13328,tabprotosrv_vizqlserver_0-0.txt,vizqlserver/tabprotosrv_vizqlserver_0-0.txt,846,08/12/2019 22:20:11,worker0
,23788739788,,protocolserver,0,13328,tabprotosrv_vizqlserver_0-0.txt,vizqlserver/tabprotosrv_vizqlserver_0-0.txt,847,08/12/2019 22:20:11,worker0
,,32284718284,protocolserver,0,13328,tabprotosrv_vizqlserver_0-0.txt,vizqlserver/tabprotosrv_vizqlserver_0-0.txt,848,08/12/2019 22:20:11,worker0
95,,,protocolserver,1,11624,tabprotosrv_vizqlserver_0-1.txt,vizqlserver/tabprotosrv_vizqlserver_0-1.txt,132,08/12/2019 21:22:03,worker0
,23788739788,,protocolserver,1,11624,tabprotosrv_vizqlserver_0-1.txt,vizqlserver/tabprotosrv_vizqlserver_0-1.txt,133,08/12/2019 21:22:03,worker0
,,32284718284,protocolserver,1,11624,tabprotosrv_vizqlserver_0-1.txt,vizqlserver/tabprotosrv_vizqlserver_0-1.txt,134,08/12/2019 21:22:03,worker0
95,,,protocolserver,1,10896,tabprotosrv_vizqlserver_0-1.txt,vizqlserver/tabprotosrv_vizqlserver_0-1.txt,637,08/12/2019 22:20:06,worker0
,23788739788,,protocolserver,1,10896,tabprotosrv_vizqlserver_0-1.txt,vizqlserver/tabprotosrv_vizqlserver_0-1.txt,638,08/12/2019 22:20:06,worker0
,,32284718284,protocolserver,1,10896,tabprotosrv_vizqlserver_0-1.txt,vizqlserver/tabprotosrv_vizqlserver_0-1.txt,639,08/12/2019 22:20:06,worker0
95,,,protocolserver,1,13600,tabprotosrv_vizqlserver_0-1.txt,vizqlserver/tabprotosrv_vizqlserver_0-1.txt,1079,08/12/2019 22:36:53,worker0
,23788739788,,protocolserver,1,13600,tabprotosrv_vizqlserver_0-1.txt,vizqlserver/tabprotosrv_vizqlserver_0-1.txt,1080,08/12/2019 22:36:53,worker0
,,32284718284,protocolserver,1,13600,tabprotosrv_vizqlserver_0-1.txt,vizqlserver/tabprotosrv_vizqlserver_0-1.txt,1081,08/12/2019 22:36:53,worker0
95,,,protocolserver,1,14888,tabprotosrv_vizqlserver_0-1_1.txt,vizqlserver/tabprotosrv_vizqlserver_0-1_1.txt,132,08/12/2019 22:36:55,worker0
,23788739788,,protocolserver,1,14888,tabprotosrv_vizqlserver_0-1_1.txt,vizqlserver/tabprotosrv_vizqlserver_0-1_1.txt,133,08/12/2019 22:36:55,worker0
,,32284718284,protocolserver,1,14888,tabprotosrv_vizqlserver_0-1_1.txt,vizqlserver/tabprotosrv_vizqlserver_0-1_1.txt,134,08/12/2019 22:36:55,worker0
95,,,protocolserver,1,15336,tabprotosrv_vizqlserver_0-1_2.txt,vizqlserver/tabprotosrv_vizqlserver_0-1_2.txt,132,08/12/2019 22:36:55,worker0
,23788739788,,protocolserver,1,15336,tabprotosrv_vizqlserver_0-1_2.txt,vizqlserver/tabprotosrv_vizqlserver_0-1_2.txt,133,08/12/2019 22:36:55,worker0
,,32284718284,protocolserver,1,15336,tabprotosrv_vizqlserver_0-1_2.txt,vizqlserver/tabprotosrv_vizqlserver_0-1_2.txt,134,08/12/2019 22:36:55,worker0
95,,,protocolserver,1,1508,tabprotosrv_vizqlserver_0-1_3.txt,vizqlserver/tabprotosrv_vizqlserver_0-1_3.txt,132,08/12/2019 22:36:55,worker0
,23788739788,,protocolserver,1,1508,tabprotosrv_vizqlserver_0-1_3.txt,vizqlserver/tabprotosrv_vizqlserver_0-1_3.txt,133,08/12/2019 22:36:55,worker0
,,32284718284,protocolserver,1,1508,tabprotosrv_vizqlserver_0-1_3.txt,vizqlserver/tabprotosrv_vizqlserver_0-1_3.txt,134,08/12/2019 22:36:55,worker0
95,,,protocolserver,1,10124,tabprotosrv_vizqlserver_0-1_4.txt,vizqlserver/tabprotosrv_vizqlserver_0-1_4.txt,132,08/12/2019 22:36:55,worker0
,23788739788,,protocolserver,1,10124,tabprotosrv_vizqlserver_0-1_4.txt,vizqlserver/tabprotosrv_vizqlserver_0-1_4.txt,133,08/12/2019 22:36:55,worker0
,,32284718284,protocolserver,1,10124,tabprotosrv_vizqlserver_0-1_4.txt,vizqlserver/tabprotosrv_vizqlserver_0-1_4.txt,134,08/12/2019 22:36:55,worker0
95,,,protocolserver,1,10652,tabprotosrv_vizqlserver_0-1_5.txt,vizqlserver/tabprotosrv_vizqlserver_0-1_5.txt,132,08/12/2019 22:37:36,worker0
,23788739788,,protocolserver,1,10652,tabprotosrv_vizqlserver_0-1_5.txt,vizqlserver/tabprotosrv_vizqlserver_0-1_5.txt,133,08/12/2019 22:37:36,worker0
,,32284718284,protocolserver,1,10652,tabprotosrv_vizqlserver_0-1_5.txt,vizqlserver/tabprotosrv_vizqlserver_0-1_5.txt,134,08/12/2019 22:37:36,worker0
95,,,protocolserver,1,14032,tabprotosrv_vizqlserver_0-1_6.txt,vizqlserver/tabprotosrv_vizqlserver_0-1_6.txt,132,08/12/2019 22:37:36,worker0
,23788739788,,protocolserver,1,14032,tabprotosrv_vizqlserver_0-1_6.txt,vizqlserver/tabprotosrv_vizqlserver_0-1_6.txt,133,08/12/2019 22:37:36,worker0
,,32284718284,protocolserver,1,14032,tabprotosrv_vizqlserver_0-1_6.txt,vizqlserver/tabprotosrv_vizqlserver_0-1_6.txt,134,08/12/2019 22:37:36,worker0
95,,,protocolserver,1,1744,tabprotosrv_vizqlserver_0-1_7.txt,vizqlserver/tabprotosrv_vizqlserver_0-1_7.txt,132,08/12/2019 22:37:36,worker0
,23788739788,,protocolserver,1,1744,tabprotosrv_vizqlserver_0-1_7.txt,vizqlserver/tabprotosrv_vizqlserver_0-1_7.txt,133,08/12/2019 22:37:36,worker0
,,32284718284,protocolserver,1,1744,tabprotosrv_vizqlserver_0-1_7.txt,vizqlserver/tabprotosrv_vizqlserver_0-1_7.txt,134,08/12/2019 22:37:36,worker0
95,,,vizportal,0,3804,vizportal_0-0_2019_08_12_21_22_44.txt,vizqlserver/Logs/vizportal_0-0_2019_08_12_21_22_44.txt,380,08/12/2019 21:22:48,worker0
,23788739788,,vizportal,0,3804,vizportal_0-0_2019_08_12_21_22_44.txt,vizqlserver/Logs/vizportal_0-0_2019_08_12_21_22_44.txt,381,08/12/2019 21:22:48,worker0
,,32284718284,vizportal,0,3804,vizportal_0-0_2019_08_12_21_22_44.txt,vizqlserver/Logs/vizportal_0-0_2019_08_12_21_22_44.txt,382,08/12/2019 21:22:48,worker0
95,,,vizportal,0,8600,vizportal_0-0_2019_08_12_22_20_27.txt,vizqlserver/Logs/vizportal_0-0_2019_08_12_22_20_27.txt,379,08/12/2019 22:20:31,worker0
,23788739788,,vizportal,0,8600,vizportal_0-0_2019_08_12_22_20_27.txt,vizqlserver/Logs/vizportal_0-0_2019_08_12_22_20_27.txt,380,08/12/2019 22:20:31,worker0
,,32284718284,vizportal,0,8600,vizportal_0-0_2019_08_12_22_20_27.txt,vizqlserver/Logs/vizportal_0-0_2019_08_12_22_20_27.txt,381,08/12/2019 22:20:31,worker0
