ProcessId,ThreadId,SessionId,DevicePixelRatio,DsdDeviceType,SessionIdInMessage,SiteName,WorkbookName,UserAgent,UserName,ActionName,ActionSizeBytes,ActionType,AnnotationCount,ClientRenderMode,CustomShapeCount,CustomShapePixelCount,EncodingCount,FilterFieldCount,Height,IsDashboard,NodeCount,NumViews,NumZones,MarkCount,MarkLabelCount,PaneCount,ReflineCount,RequestId,RepositoryURL,SessionState,SheetName,TextMarkCount,TooltipCount,TransparentLinemarkCount,VertexCount,Width,Process,FileName,FilePath,LineNumber,Timestamp,Worker
6184,2ca4,-,,,15E0D009B34F42C1A81E2666D4BE9CC5-0:0,,,,,,,initial_load,,,,,,,,,,,,,,,,XVHjUoy-ftCn4M36PoMjdQAAAew,,,,,,,,,0,vizqlserver_0-0_2019_08_12_21_21_58.txt,node1/vizqlserver/Logs/vizqlserver_0-0_2019_08_12_21_21_58.txt,805,08/12/2019 22:08:19,node1
8556,2028,-,,,B802C04B103C48CDB81C49957423E264-0:0,,,,,,,initial_load,,,,,,,,,,,,,,,,XVHpp5Q1FpJV6dcd@O300QAAAf8,,,,,,,,,0,vizqlserver_0-0_2019_08_12_22_20_04.txt,node1/vizqlserver/Logs/vizqlserver_0-0_2019_08_12_22_20_04.txt,800,08/12/2019 22:35:20,node1
8556,2028,-,1,,B802C04B103C48CDB81C49957423E264-0:0,Default,Large1,Mozilla/5.0 (Windows NT 10.0; Win64; x64; rv:68.0) Gecko/20100101 Firefox/68.0,user,,21740,bootstrap-session,0,False,0,0,59456,0,1048,False,4,1,4,59456,0,1,0,XVHpqJQ1FpJV6dcd@O305QAAAf8,Large1/Sheet1,possible,Sheet 1,0,178368,0,0,2332,0,vizqlserver_0-0_2019_08_12_22_20_04.txt,node1/vizqlserver/Logs/vizqlserver_0-0_2019_08_12_22_20_04.txt,1053,08/12/2019 22:35:22,node1
8556,2028,-,1,,B802C04B103C48CDB81C49957423E264-0:0,Default,Large1,Mozilla/5.0 (Windows NT 10.0; Win64; x64; rv:68.0) Gecko/20100101 Firefox/68.0,user,render-tooltip-server,6300,command,0,False,0,0,59456,0,1048,False,4,1,4,59456,0,1,0,XVHprJQ1FpJV6dcd@O308gAAAec,Large1/Sheet1,possible,Sheet 1,0,178368,0,0,2332,0,vizqlserver_0-0_2019_08_12_22_20_04.txt,node1/vizqlserver/Logs/vizqlserver_0-0_2019_08_12_22_20_04.txt,1078,08/12/2019 22:35:24,node1
8556,2028,-,1,,B802C04B103C48CDB81C49957423E264-0:0,Default,Large1,Mozilla/5.0 (Windows NT 10.0; Win64; x64; rv:68.0) Gecko/20100101 Firefox/68.0,user,hit-test-scene,2210,command,0,False,0,0,59456,0,1048,False,4,1,4,59456,0,1,0,XVHprJQ1FpJV6dcd@O309QAAAec,Large1/Sheet1,private,Sheet 1,0,178368,0,0,2332,0,vizqlserver_0-0_2019_08_12_22_20_04.txt,node1/vizqlserver/Logs/vizqlserver_0-0_2019_08_12_22_20_04.txt,1104,08/12/2019 22:35:24,node1
8556,2028,-,1,,B802C04B103C48CDB81C49957423E264-0:0,Default,Large1,Mozilla/5.0 (Windows NT 10.0; Win64; x64; rv:68.0) Gecko/20100101 Firefox/68.0,user,select-region-no-return-server,10230,command,0,False,0,0,59456,0,1048,False,4,1,4,59456,0,1,0,XVHprJQ1FpJV6dcd@O309gAAAec,Large1/Sheet1,private,Sheet 1,0,178368,0,0,2332,0,vizqlserver_0-0_2019_08_12_22_20_04.txt,node1/vizqlserver/Logs/vizqlserver_0-0_2019_08_12_22_20_04.txt,1127,08/12/2019 22:35:25,node1
8556,2028,-,1,,B802C04B103C48CDB81C49957423E264-0:0,Default,Large1,Mozilla/5.0 (Windows NT 10.0; Win64; x64; rv:68.0) Gecko/20100101 Firefox/68.0,user,render-tooltip-server,5494,command,0,False,0,0,59456,0,1048,False,4,1,4,59456,0,1,0,XVHprZQ1FpJV6dcd@O309wAAAec,Large1/Sheet1,private,Sheet 1,0,178368,0,0,2332,0,vizqlserver_0-0_2019_08_12_22_20_04.txt,node1/vizqlserver/Logs/vizqlserver_0-0_2019_08_12_22_20_04.txt,1142,08/12/2019 22:35:25,node1
8556,2028,-,1,,B802C04B103C48CDB81C49957423E264-0:0,Default,Large1,Mozilla/5.0 (Windows NT 10.0; Win64; x64; rv:68.0) Gecko/20100101 Firefox/68.0,user,render-tooltip-server,1980,command,0,False,0,0,59456,0,1048,False,4,1,4,59456,0,1,0,XVHprpQ1FpJV6dcd@O30@gAAAec,Large1/Sheet1,private,Sheet 1,0,178368,0,0,2332,0,vizqlserver_0-0_2019_08_12_22_20_04.txt,node1/vizqlserver/Logs/vizqlserver_0-0_2019_08_12_22_20_04.txt,1159,08/12/2019 22:35:26,node1
6184,2ca4,-,1,desktop,15E0D009B34F42C1A81E2666D4BE9CC5-0:0,Default,Regional,Mozilla/5.0 (Windows NT 10.0; Win64; x64; rv:68.0) Gecko/20100101 Firefox/68.0,admin,,61796,bootstrap-session,0,False,0,0,25064,18750,1025,True,10,2,12,12532,0,4,3,XVHjWYy-ftCn4M36PoMjkgAAAew,Regional/Obesity,possible,Obesity,0,81410,0,79074,2332,0,vizqlserver_0-0_2019_08_12_21_21_58.txt,node1/vizqlserver/Logs/vizqlserver_0-0_2019_08_12_21_21_58.txt,1593,08/12/2019 22:08:28,node1
8556,2028,-,1,,B802C04B103C48CDB81C49957423E264-0:0,Default,Large1,Mozilla/5.0 (Windows NT 10.0; Win64; x64; rv:68.0) Gecko/20100101 Firefox/68.0,user,render-tooltip-server,6298,command,0,False,0,0,59456,0,1048,False,4,1,4,59456,0,1,0,XVHprpQ1FpJV6dcd@O30@wAAAec,Large1/Sheet1,private,Sheet 1,0,178368,0,0,2332,0,vizqlserver_0-0_2019_08_12_22_20_04.txt,node1/vizqlserver/Logs/vizqlserver_0-0_2019_08_12_22_20_04.txt,1176,08/12/2019 22:35:26,node1
8556,2028,-,1,,B802C04B103C48CDB81C49957423E264-0:0,Default,Large1,Mozilla/5.0 (Windows NT 10.0; Win64; x64; rv:68.0) Gecko/20100101 Firefox/68.0,user,hit-test-scene,2208,command,0,False,0,0,59456,0,1048,False,4,1,4,59456,0,1,0,XVHprpQ1FpJV6dcd@O30-AAAAec,Large1/Sheet1,private,Sheet 1,0,178368,0,0,2332,0,vizqlserver_0-0_2019_08_12_22_20_04.txt,node1/vizqlserver/Logs/vizqlserver_0-0_2019_08_12_22_20_04.txt,1193,08/12/2019 22:35:27,node1
8556,2028,-,1,,B802C04B103C48CDB81C49957423E264-0:0,Default,Large1,Mozilla/5.0 (Windows NT 10.0; Win64; x64; rv:68.0) Gecko/20100101 Firefox/68.0,user,render-tooltip-server,5494,command,0,False,0,0,59456,0,1048,False,4,1,4,59456,0,1,0,XVHpr5Q1FpJV6dcd@O30-QAAAec,Large1/Sheet1,private,Sheet 1,0,178368,0,0,2332,0,vizqlserver_0-0_2019_08_12_22_20_04.txt,node1/vizqlserver/Logs/vizqlserver_0-0_2019_08_12_22_20_04.txt,1210,08/12/2019 22:35:27,node1
8556,2028,-,1,,B802C04B103C48CDB81C49957423E264-0:0,Default,Large1,Mozilla/5.0 (Windows NT 10.0; Win64; x64; rv:68.0) Gecko/20100101 Firefox/68.0,user,hit-test-scene,2212,command,0,False,0,0,59456,0,1048,False,4,1,4,59456,0,1,0,XVHpr5Q1FpJV6dcd@O30-gAAAec,Large1/Sheet1,private,Sheet 1,0,178368,0,0,2332,0,vizqlserver_0-0_2019_08_12_22_20_04.txt,node1/vizqlserver/Logs/vizqlserver_0-0_2019_08_12_22_20_04.txt,1227,08/12/2019 22:35:27,node1
8556,2028,-,1,,B802C04B103C48CDB81C49957423E264-0:0,Default,Large1,Mozilla/5.0 (Windows NT 10.0; Win64; x64; rv:68.0) Gecko/20100101 Firefox/68.0,user,render-tooltip-server,5494,command,0,False,0,0,59456,0,1048,False,4,1,4,59456,0,1,0,XVHpr5Q1FpJV6dcd@O30-wAAAec,Large1/Sheet1,private,Sheet 1,0,178368,0,0,2332,0,vizqlserver_0-0_2019_08_12_22_20_04.txt,node1/vizqlserver/Logs/vizqlserver_0-0_2019_08_12_22_20_04.txt,1244,08/12/2019 22:35:27,node1
8556,2028,-,1,,B802C04B103C48CDB81C49957423E264-0:0,Default,Large1,Mozilla/5.0 (Windows NT 10.0; Win64; x64; rv:68.0) Gecko/20100101 Firefox/68.0,user,hit-test-scene,2212,command,0,False,0,0,59456,0,1048,False,4,1,4,59456,0,1,0,XVHpr5Q1FpJV6dcd@O31AAAAAec,Large1/Sheet1,private,Sheet 1,0,178368,0,0,2332,0,vizqlserver_0-0_2019_08_12_22_20_04.txt,node1/vizqlserver/Logs/vizqlserver_0-0_2019_08_12_22_20_04.txt,1261,08/12/2019 22:35:28,node1
8556,2028,-,1,,B802C04B103C48CDB81C49957423E264-0:0,Default,Large1,Mozilla/5.0 (Windows NT 10.0; Win64; x64; rv:68.0) Gecko/20100101 Firefox/68.0,user,hit-test-scene,2204,command,0,False,0,0,59456,0,1048,False,4,1,4,59456,0,1,0,XVHpsZQ1FpJV6dcd@O31AgAAAec,Large1/Sheet1,private,Sheet 1,0,178368,0,0,2332,0,vizqlserver_0-0_2019_08_12_22_20_04.txt,node1/vizqlserver/Logs/vizqlserver_0-0_2019_08_12_22_20_04.txt,1278,08/12/2019 22:35:29,node1
8556,2028,-,1,,B802C04B103C48CDB81C49957423E264-0:0,Default,Large1,Mozilla/5.0 (Windows NT 10.0; Win64; x64; rv:68.0) Gecko/20100101 Firefox/68.0,user,keep-only-or-exclude,44030,command,0,True,0,0,1,1,1048,False,4,1,4,1,0,1,0,XVHpsZQ1FpJV6dcd@O31AwAAAec,Large1/Sheet1,private,Sheet 1,0,3,0,0,2332,0,vizqlserver_0-0_2019_08_12_22_20_04.txt,node1/vizqlserver/Logs/vizqlserver_0-0_2019_08_12_22_20_04.txt,1391,08/12/2019 22:35:32,node1
8556,2028,-,1,,B802C04B103C48CDB81C49957423E264-0:0,Default,Large1,Mozilla/5.0 (Windows NT 10.0; Win64; x64; rv:68.0) Gecko/20100101 Firefox/68.0,user,revert-workbook,23108,command,0,False,0,0,59456,0,1048,False,4,1,4,59456,0,1,0,XVHptpQ1FpJV6dcd@O31BwAAAec,Large1/Sheet1,private,Sheet 1,0,178368,0,0,2332,0,vizqlserver_0-0_2019_08_12_22_20_04.txt,node1/vizqlserver/Logs/vizqlserver_0-0_2019_08_12_22_20_04.txt,1500,08/12/2019 22:35:34,node1
8556,2028,-,1,,B802C04B103C48CDB81C49957423E264-0:0,Default,Large1,Mozilla/5.0 (Windows NT 10.0; Win64; x64; rv:68.0) Gecko/20100101 Firefox/68.0,user,render-tooltip-server,1982,command,0,False,0,0,59456,0,1048,False,4,1,4,59456,0,1,0,XVHpypQ1FpJV6dcd@O31fAAAAfc,Large1/Sheet1,private,Sheet 1,0,178368,0,0,2332,0,vizqlserver_0-0_2019_08_12_22_20_04.txt,node1/vizqlserver/Logs/vizqlserver_0-0_2019_08_12_22_20_04.txt,1525,08/12/2019 22:35:54,node1
6184,2ca4,-,1,desktop,15E0D009B34F42C1A81E2666D4BE9CC5-0:0,Default,Regional,Mozilla/5.0 (Windows NT 10.0; Win64; x64; rv:68.0) Gecko/20100101 Firefox/68.0,admin,ensure-layout-for-sheet,386374,command,0,True,0,0,242,242,1025,False,136,1,7,242,0,22,0,XVHjpIy-ftCn4M36PoMkUwAAAeQ,Regional/FlightDelays,private,Flight Delays,0,968,0,0,2332,0,vizqlserver_0-0_2019_08_12_21_21_58.txt,node1/vizqlserver/Logs/vizqlserver_0-0_2019_08_12_21_21_58.txt,1958,08/12/2019 22:09:42,node1
8556,2028,-,1,,B802C04B103C48CDB81C49957423E264-0:0,Default,Large1,Mozilla/5.0 (Windows NT 10.0; Win64; x64; rv:68.0) Gecko/20100101 Firefox/68.0,user,render-tooltip-server,1982,command,0,False,0,0,59456,0,1048,False,4,1,4,59456,0,1,0,XVHpypQ1FpJV6dcd@O31fQAAAfc,Large1/Sheet1,private,Sheet 1,0,178368,0,0,2332,0,vizqlserver_0-0_2019_08_12_22_20_04.txt,node1/vizqlserver/Logs/vizqlserver_0-0_2019_08_12_22_20_04.txt,1542,08/12/2019 22:35:54,node1
8556,2028,-,1,,B802C04B103C48CDB81C49957423E264-0:0,Default,Large1,Mozilla/5.0 (Windows NT 10.0; Win64; x64; rv:68.0) Gecko/20100101 Firefox/68.0,user,hit-test-scene,1924,command,0,False,0,0,59456,0,1048,False,4,1,4,59456,0,1,0,XVHpypQ1FpJV6dcd@O31fgAAAfc,Large1/Sheet1,private,Sheet 1,0,178368,0,0,2332,0,vizqlserver_0-0_2019_08_12_22_20_04.txt,node1/vizqlserver/Logs/vizqlserver_0-0_2019_08_12_22_20_04.txt,1559,08/12/2019 22:35:54,node1
8556,2028,-,1,,B802C04B103C48CDB81C49957423E264-0:0,Default,Large1,Mozilla/5.0 (Windows NT 10.0; Win64; x64; rv:68.0) Gecko/20100101 Firefox/68.0,user,render-tooltip-server,1982,command,0,False,0,0,59456,0,1048,False,4,1,4,59456,0,1,0,XVHqOZQ1FpJV6dcd@O33CwAAAb8,Large1/Sheet1,private,Sheet 1,0,178368,0,0,2332,0,vizqlserver_0-0_2019_08_12_22_20_04.txt,node1/vizqlserver/Logs/vizqlserver_0-0_2019_08_12_22_20_04.txt,1577,08/12/2019 22:37:45,node1
8556,2028,-,1,,B802C04B103C48CDB81C49957423E264-0:0,Default,Large1,Mozilla/5.0 (Windows NT 10.0; Win64; x64; rv:68.0) Gecko/20100101 Firefox/68.0,user,hit-test-scene,1924,command,0,False,0,0,59456,0,1048,False,4,1,4,59456,0,1,0,XVHqOZQ1FpJV6dcd@O33DAAAAb8,Large1/Sheet1,private,Sheet 1,0,178368,0,0,2332,0,vizqlserver_0-0_2019_08_12_22_20_04.txt,node1/vizqlserver/Logs/vizqlserver_0-0_2019_08_12_22_20_04.txt,1594,08/12/2019 22:37:45,node1
8556,2028,-,1,,B802C04B103C48CDB81C49957423E264-0:0,Default,Large1,Mozilla/5.0 (Windows NT 10.0; Win64; x64; rv:68.0) Gecko/20100101 Firefox/68.0,user,render-tooltip-server,1982,command,0,False,0,0,59456,0,1048,False,4,1,4,59456,0,1,0,XVHqOpQ1FpJV6dcd@O33DQAAAb8,Large1/Sheet1,private,Sheet 1,0,178368,0,0,2332,0,vizqlserver_0-0_2019_08_12_22_20_04.txt,node1/vizqlserver/Logs/vizqlserver_0-0_2019_08_12_22_20_04.txt,1611,08/12/2019 22:37:46,node1
8556,2028,-,1,,B802C04B103C48CDB81C49957423E264-0:0,Default,Large1,Mozilla/5.0 (Windows NT 10.0; Win64; x64; rv:68.0) Gecko/20100101 Firefox/68.0,user,hit-test-scene,1924,command,0,False,0,0,59456,0,1048,False,4,1,4,59456,0,1,0,XVHqOpQ1FpJV6dcd@O33DgAAAb8,Large1/Sheet1,private,Sheet 1,0,178368,0,0,2332,0,vizqlserver_0-0_2019_08_12_22_20_04.txt,node1/vizqlserver/Logs/vizqlserver_0-0_2019_08_12_22_20_04.txt,1628,08/12/2019 22:37:46,node1
8556,2028,-,1,,B802C04B103C48CDB81C49957423E264-0:0,Default,Large1,Mozilla/5.0 (Windows NT 10.0; Win64; x64; rv:68.0) Gecko/20100101 Firefox/68.0,user,refresh-data-server,6270,command,0,False,0,0,59456,0,1048,False,4,1,4,59456,0,1,0,XVHqO5Q1FpJV6dcd@O33EQAAAb8,Large1/Sheet1,private,Sheet 1,0,178368,0,0,2332,0,vizqlserver_0-0_2019_08_12_22_20_04.txt,node1/vizqlserver/Logs/vizqlserver_0-0_2019_08_12_22_20_04.txt,1737,08/12/2019 22:37:49,node1
8556,2028,-,1,,B802C04B103C48CDB81C49957423E264-0:0,Default,Large1,Mozilla/5.0 (Windows NT 10.0; Win64; x64; rv:68.0) Gecko/20100101 Firefox/68.0,user,render-tooltip-server,1982,command,0,False,0,0,59456,0,1048,False,4,1,4,59456,0,1,0,XVHqXJQ1FpJV6dcd@O33GgAAAb8,Large1/Sheet1,private,Sheet 1,0,178368,0,0,2332,0,vizqlserver_0-0_2019_08_12_22_20_04.txt,node1/vizqlserver/Logs/vizqlserver_0-0_2019_08_12_22_20_04.txt,1754,08/12/2019 22:38:20,node1
8556,2028,-,1,,B802C04B103C48CDB81C49957423E264-0:0,Default,Large1,Mozilla/5.0 (Windows NT 10.0; Win64; x64; rv:68.0) Gecko/20100101 Firefox/68.0,user,hit-test-scene,1924,command,0,False,0,0,59456,0,1048,False,4,1,4,59456,0,1,0,XVHqXJQ1FpJV6dcd@O33GwAAAb8,Large1/Sheet1,private,Sheet 1,0,178368,0,0,2332,0,vizqlserver_0-0_2019_08_12_22_20_04.txt,node1/vizqlserver/Logs/vizqlserver_0-0_2019_08_12_22_20_04.txt,1771,08/12/2019 22:38:20,node1
8556,2028,-,1,,B802C04B103C48CDB81C49957423E264-0:0,Default,Large1,Mozilla/5.0 (Windows NT 10.0; Win64; x64; rv:68.0) Gecko/20100101 Firefox/68.0,user,render-tooltip-server,1982,command,0,False,0,0,59456,0,1048,False,4,1,4,59456,0,1,0,XVHqXZQ1FpJV6dcd@O33HAAAAb8,Large1/Sheet1,private,Sheet 1,0,178368,0,0,2332,0,vizqlserver_0-0_2019_08_12_22_20_04.txt,node1/vizqlserver/Logs/vizqlserver_0-0_2019_08_12_22_20_04.txt,1788,08/12/2019 22:38:21,node1
8556,2028,-,1,,B802C04B103C48CDB81C49957423E264-0:0,Default,Large1,Mozilla/5.0 (Windows NT 10.0; Win64; x64; rv:68.0) Gecko/20100101 Firefox/68.0,user,render-tooltip-server,1982,command,0,False,0,0,59456,0,1048,False,4,1,4,59456,0,1,0,XVHqXZQ1FpJV6dcd@O33HQAAAb8,Large1/Sheet1,private,Sheet 1,0,178368,0,0,2332,0,vizqlserver_0-0_2019_08_12_22_20_04.txt,node1/vizqlserver/Logs/vizqlserver_0-0_2019_08_12_22_20_04.txt,1805,08/12/2019 22:38:21,node1
8556,2028,-,1,,B802C04B103C48CDB81C49957423E264-0:0,Default,Large1,Mozilla/5.0 (Windows NT 10.0; Win64; x64; rv:68.0) Gecko/20100101 Firefox/68.0,user,hit-test-scene,1924,command,0,False,0,0,59456,0,1048,False,4,1,4,59456,0,1,0,XVHqXZQ1FpJV6dcd@O33HgAAAb8,Large1/Sheet1,private,Sheet 1,0,178368,0,0,2332,0,vizqlserver_0-0_2019_08_12_22_20_04.txt,node1/vizqlserver/Logs/vizqlserver_0-0_2019_08_12_22_20_04.txt,1822,08/12/2019 22:38:21,node1
8556,2028,-,1,,B802C04B103C48CDB81C49957423E264-0:0,Default,Large1,Mozilla/5.0 (Windows NT 10.0; Win64; x64; rv:68.0) Gecko/20100101 Firefox/68.0,user,render-tooltip-server,1982,command,0,False,0,0,59456,0,1048,False,4,1,4,59456,0,1,0,XVHqYpQ1FpJV6dcd@O33IAAAAb8,Large1/Sheet1,private,Sheet 1,0,178368,0,0,2332,0,vizqlserver_0-0_2019_08_12_22_20_04.txt,node1/vizqlserver/Logs/vizqlserver_0-0_2019_08_12_22_20_04.txt,1839,08/12/2019 22:38:27,node1
8556,2028,-,1,,B802C04B103C48CDB81C49957423E264-0:0,Default,Large1,Mozilla/5.0 (Windows NT 10.0; Win64; x64; rv:68.0) Gecko/20100101 Firefox/68.0,user,render-tooltip-server,1982,command,0,False,0,0,59456,0,1048,False,4,1,4,59456,0,1,0,XVHqY5Q1FpJV6dcd@O33IQAAAb8,Large1/Sheet1,private,Sheet 1,0,178368,0,0,2332,0,vizqlserver_0-0_2019_08_12_22_20_04.txt,node1/vizqlserver/Logs/vizqlserver_0-0_2019_08_12_22_20_04.txt,1856,08/12/2019 22:38:27,node1
8556,2028,-,1,,B802C04B103C48CDB81C49957423E264-0:0,Default,Large1,Mozilla/5.0 (Windows NT 10.0; Win64; x64; rv:68.0) Gecko/20100101 Firefox/68.0,user,hit-test-scene,1924,command,0,False,0,0,59456,0,1048,False,4,1,4,59456,0,1,0,XVHqY5Q1FpJV6dcd@O33IgAAAb8,Large1/Sheet1,private,Sheet 1,0,178368,0,0,2332,0,vizqlserver_0-0_2019_08_12_22_20_04.txt,node1/vizqlserver/Logs/vizqlserver_0-0_2019_08_12_22_20_04.txt,1873,08/12/2019 22:38:27,node1
8556,2028,-,,,80DA7142DC724BFD8D855F6BE8451578-0:0,,,,,,,initial_load,,,,,,,,,,,,,,,,XVHrK5Q1FpJV6dcd@O34JwAAAb8,,,,,,,,,0,vizqlserver_0-0_2019_08_12_22_20_04.txt,node1/vizqlserver/Logs/vizqlserver_0-0_2019_08_12_22_20_04.txt,1908,08/12/2019 22:41:47,node1
8540,e78,-,,,B789E28CE31B4BCE9E7E4823EA5E6061-0:1,,,,,,,initial_load,,,,,,,,,,,,,,,,XVHqA5Q1FpJV6dcd@O324wAAAfc,,,,,,,,,1,vizqlserver_0-1_2019_08_12_22_19_56.txt,node1/vizqlserver/Logs/vizqlserver_0-1_2019_08_12_22_19_56.txt,797,08/12/2019 22:36:52,node1
8556,2028,-,,,8AADF413D0B1483992B2C3D4108D2F2B-0:0,,,,,,,initial_load,,,,,,,,,,,,,,,,XVH765Q1FpJV6dcd@O37bwAAAg8,,,,,,,,,0,vizqlserver_0-0_2019_08_12_22_20_04.txt,node1/vizqlserver/Logs/vizqlserver_0-0_2019_08_12_22_20_04.txt,2100,08/12/2019 23:53:15,node1
8556,2028,-,1,,8AADF413D0B1483992B2C3D4108D2F2B-0:0,Default,Superstore,Mozilla/5.0 (Windows NT 10.0; Win64; x64; rv:68.0) Gecko/20100101 Firefox/68.0,publisher,,372218,bootstrap-session,0,True,0,0,1156,1156,1025,False,80,1,7,578,578,1,0,XVH765Q1FpJV6dcd@O37dAAAAg8,Superstore/WhatIfForecast,possible,What If Forecast,578,3468,0,0,2332,0,vizqlserver_0-0_2019_08_12_22_20_04.txt,node1/vizqlserver/Logs/vizqlserver_0-0_2019_08_12_22_20_04.txt,2502,08/12/2019 23:53:16,node1
6168,2c74,-,,,04DEC2C5E92C4680892B778749506E44-0:1,,,,,,,initial_load,,,,,,,,,,,,,,,,XVHjVIy-ftCn4M36PoMjfgAAAgQ,,,,,,,,,1,vizqlserver_0-1_2019_08_12_21_21_57.txt,node1/vizqlserver/Logs/vizqlserver_0-1_2019_08_12_21_21_57.txt,817,08/12/2019 22:08:21,node1
8540,e78,-,1,desktop,B789E28CE31B4BCE9E7E4823EA5E6061-0:1,Default,tabbed admin views,Mozilla/5.0 (Windows NT 10.0; Win64; x64; rv:68.0) Gecko/20100101 Firefox/68.0,admin,,375942,bootstrap-session,0,True,0,0,11,14,1025,True,21,5,14,6,3,6,1,XVHqBJQ1FpJV6dcd@O328AAAAb8,tabbed_admin_views/BackgroundTasksforExtracts,private,Background Tasks for Extracts,2,34,0,0,2332,1,vizqlserver_0-1_2019_08_12_22_19_56.txt,node1/vizqlserver/Logs/vizqlserver_0-1_2019_08_12_22_19_56.txt,1950,08/12/2019 22:36:55,node1
8540,e78,-,1,desktop,B789E28CE31B4BCE9E7E4823EA5E6061-0:1,Default,tabbed admin views,Mozilla/5.0 (Windows NT 10.0; Win64; x64; rv:68.0) Gecko/20100101 Firefox/68.0,admin,set-active-zone,31516,command,0,True,0,0,11,14,1025,True,21,5,14,6,3,6,1,XVHqDpQ1FpJV6dcd@O32@wAAAb8,tabbed_admin_views/BackgroundTasksforExtracts,private,Background Tasks for Extracts,2,34,0,0,2332,1,vizqlserver_0-1_2019_08_12_22_19_56.txt,node1/vizqlserver/Logs/vizqlserver_0-1_2019_08_12_22_19_56.txt,1968,08/12/2019 22:37:02,node1
6168,2c74,-,1,,04DEC2C5E92C4680892B778749506E44-0:1,Default,Superstore,Mozilla/5.0 (Windows NT 10.0; Win64; x64; rv:68.0) Gecko/20100101 Firefox/68.0,admin,,570422,bootstrap-session,0,True,0,0,511,0,1025,False,514,1,4,511,338,1,0,XVHjW4y-ftCn4M36PoMjmAAAAiA,Superstore/TooltipProfitRatiobyCity,possible,Tooltip: Profit Ratio by City,0,1022,0,0,2332,1,vizqlserver_0-1_2019_08_12_21_21_57.txt,node1/vizqlserver/Logs/vizqlserver_0-1_2019_08_12_21_21_57.txt,1191,08/12/2019 22:08:28,node1
8540,e78,-,1,desktop,B789E28CE31B4BCE9E7E4823EA5E6061-0:1,Default,tabbed admin views,Mozilla/5.0 (Windows NT 10.0; Win64; x64; rv:68.0) Gecko/20100101 Firefox/68.0,admin,select-none,1514,command,0,True,0,0,11,14,1025,True,21,5,14,6,3,6,1,XVHqDpQ1FpJV6dcd@O32-AAAAb8,tabbed_admin_views/BackgroundTasksforExtracts,private,Background Tasks for Extracts,2,34,0,0,2332,1,vizqlserver_0-1_2019_08_12_22_19_56.txt,node1/vizqlserver/Logs/vizqlserver_0-1_2019_08_12_22_19_56.txt,1983,08/12/2019 22:37:02,node1
6168,2c74,-,1,desktop,04DEC2C5E92C4680892B778749506E44-0:1,Default,Superstore,Mozilla/5.0 (Windows NT 10.0; Win64; x64; rv:68.0) Gecko/20100101 Firefox/68.0,admin,ensure-layout-for-sheet,995262,command,0,True,0,0,1527,2264,1025,True,611,3,13,784,3,3,0,XVHjqYy-ftCn4M36PoMkYAAAAfw,Superstore/Shipping,private,Shipping,0,5309,0,0,2332,1,vizqlserver_0-1_2019_08_12_21_21_57.txt,node1/vizqlserver/Logs/vizqlserver_0-1_2019_08_12_21_21_57.txt,1616,08/12/2019 22:09:46,node1
6168,2c74,-,1,desktop,04DEC2C5E92C4680892B778749506E44-0:1,Default,Superstore,Mozilla/5.0 (Windows NT 10.0; Win64; x64; rv:68.0) Gecko/20100101 Firefox/68.0,admin,set-active-zone,26912,command,0,True,0,0,1527,2264,1025,True,611,3,13,784,3,3,0,XVHjrIy-ftCn4M36PoMkZwAAAfw,Superstore/Shipping,private,Shipping,0,5309,0,0,2332,1,vizqlserver_0-1_2019_08_12_21_21_57.txt,node1/vizqlserver/Logs/vizqlserver_0-1_2019_08_12_21_21_57.txt,1639,08/12/2019 22:09:48,node1
8540,e78,-,1,desktop,B789E28CE31B4BCE9E7E4823EA5E6061-0:1,Default,tabbed admin views,Mozilla/5.0 (Windows NT 10.0; Win64; x64; rv:68.0) Gecko/20100101 Firefox/68.0,admin,refresh-data-server,327856,command,0,True,0,0,22,28,1025,True,26,5,14,12,6,6,1,XVHqL5Q1FpJV6dcd@O33BwAAAb8,tabbed_admin_views/BackgroundTasksforExtracts,private,Background Tasks for Extracts,4,68,0,0,2332,1,vizqlserver_0-1_2019_08_12_22_19_56.txt,node1/vizqlserver/Logs/vizqlserver_0-1_2019_08_12_22_19_56.txt,2831,08/12/2019 22:37:37,node1
8540,e78,-,,,97535A952835437DBD0B16FD2A9015D2-0:1,,,,,,,initial_load,,,,,,,,,,,,,,,,XVHqd5Q1FpJV6dcd@O33sgAAAcc,,,,,,,,,1,vizqlserver_0-1_2019_08_12_22_19_56.txt,node1/vizqlserver/Logs/vizqlserver_0-1_2019_08_12_22_19_56.txt,2861,08/12/2019 22:38:48,node1
6168,2c74,-,1,desktop,04DEC2C5E92C4680892B778749506E44-0:1,Default,Superstore,Mozilla/5.0 (Windows NT 10.0; Win64; x64; rv:68.0) Gecko/20100101 Firefox/68.0,admin,select,151816,command,0,True,0,0,129,167,1025,True,51,3,13,85,3,3,0,XVHjrIy-ftCn4M36PoMkaAAAAfw,Superstore/Shipping,private,Shipping,0,416,0,0,2332,1,vizqlserver_0-1_2019_08_12_21_21_57.txt,node1/vizqlserver/Logs/vizqlserver_0-1_2019_08_12_21_21_57.txt,1759,08/12/2019 22:09:48,node1
6168,2c74,-,1,desktop,04DEC2C5E92C4680892B778749506E44-0:1,Default,Superstore,Mozilla/5.0 (Windows NT 10.0; Win64; x64; rv:68.0) Gecko/20100101 Firefox/68.0,admin,render-tooltip-server,6734,command,0,True,0,0,129,167,1025,True,51,3,13,85,3,3,0,XVHjrIy-ftCn4M36PoMkaQAAAfw,Superstore/Shipping,private,Shipping,0,416,0,0,2332,1,vizqlserver_0-1_2019_08_12_21_21_57.txt,node1/vizqlserver/Logs/vizqlserver_0-1_2019_08_12_21_21_57.txt,1774,08/12/2019 22:09:48,node1
8540,e78,-,1,,97535A952835437DBD0B16FD2A9015D2-0:1,Default,Large1,Mozilla/5.0 (Windows NT 10.0; Win64; x64; rv:68.0) Gecko/20100101 Firefox/68.0,publisher,,21814,bootstrap-session,0,False,0,0,59456,0,1048,False,4,1,4,59456,0,1,0,XVHqeJQ1FpJV6dcd@O33xgAAAb8,Large1/Sheet1,possible,Sheet 1,0,178368,0,0,2332,1,vizqlserver_0-1_2019_08_12_22_19_56.txt,node1/vizqlserver/Logs/vizqlserver_0-1_2019_08_12_22_19_56.txt,3085,08/12/2019 22:38:50,node1
8540,e78,-,,,0505DED2B27A4DFFA60ED95E194639D5-0:1,,,,,,,initial_load,,,,,,,,,,,,,,,,XVHqfJQ1FpJV6dcd@O33zQAAAb8,,,,,,,,,1,vizqlserver_0-1_2019_08_12_22_19_56.txt,node1/vizqlserver/Logs/vizqlserver_0-1_2019_08_12_22_19_56.txt,3109,08/12/2019 22:38:52,node1
6168,2c74,-,1,desktop,04DEC2C5E92C4680892B778749506E44-0:1,Default,Superstore,Mozilla/5.0 (Windows NT 10.0; Win64; x64; rv:68.0) Gecko/20100101 Firefox/68.0,admin,keep-only-or-exclude,73496,command,0,True,0,0,89,128,1025,True,51,3,13,45,3,3,0,XVHjrYy-ftCn4M36PoMkagAAAfw,Superstore/Shipping,private,Shipping,0,296,0,0,2332,1,vizqlserver_0-1_2019_08_12_21_21_57.txt,node1/vizqlserver/Logs/vizqlserver_0-1_2019_08_12_21_21_57.txt,1963,08/12/2019 22:09:50,node1
8540,e78,-,1,,0505DED2B27A4DFFA60ED95E194639D5-0:1,Default,Large1,Mozilla/5.0 (Windows NT 10.0; Win64; x64; rv:68.0) Gecko/20100101 Firefox/68.0,publisher,,400910,bootstrap-session,0,False,0,0,59456,0,959,False,4,1,4,59456,0,1,0,XVHqfJQ1FpJV6dcd@O332AAAAb8,Large1/Sheet1,private,Sheet 1,0,178368,0,0,1934,1,vizqlserver_0-1_2019_08_12_22_19_56.txt,node1/vizqlserver/Logs/vizqlserver_0-1_2019_08_12_22_19_56.txt,3278,08/12/2019 22:38:53,node1
8540,e78,-,1,,0505DED2B27A4DFFA60ED95E194639D5-0:1,Default,Large1,Mozilla/5.0 (Windows NT 10.0; Win64; x64; rv:68.0) Gecko/20100101 Firefox/68.0,publisher,render-tooltip-server,1982,command,0,False,0,0,59456,0,959,False,4,1,4,59456,0,1,0,XVHqf5Q1FpJV6dcd@O334QAAAb8,Large1/Sheet1,private,Sheet 1,0,178368,0,0,1934,1,vizqlserver_0-1_2019_08_12_22_19_56.txt,node1/vizqlserver/Logs/vizqlserver_0-1_2019_08_12_22_19_56.txt,3295,08/12/2019 22:38:55,node1
6168,2c74,-,1,desktop,04DEC2C5E92C4680892B778749506E44-0:1,Default,Superstore,Mozilla/5.0 (Windows NT 10.0; Win64; x64; rv:68.0) Gecko/20100101 Firefox/68.0,admin,select-none,769896,command,0,True,0,0,1487,2225,1025,True,611,3,13,744,3,3,0,XVHjr4y-ftCn4M36PoMkbAAAAfw,Superstore/Shipping,private,Shipping,0,5189,0,0,2332,1,vizqlserver_0-1_2019_08_12_21_21_57.txt,node1/vizqlserver/Logs/vizqlserver_0-1_2019_08_12_21_21_57.txt,2082,08/12/2019 22:09:52,node1
8540,e78,-,1,,0505DED2B27A4DFFA60ED95E194639D5-0:1,Default,Large1,Mozilla/5.0 (Windows NT 10.0; Win64; x64; rv:68.0) Gecko/20100101 Firefox/68.0,publisher,render-tooltip-server,1982,command,0,False,0,0,59456,0,959,False,4,1,4,59456,0,1,0,XVHqf5Q1FpJV6dcd@O334gAAAb8,Large1/Sheet1,private,Sheet 1,0,178368,0,0,1934,1,vizqlserver_0-1_2019_08_12_22_19_56.txt,node1/vizqlserver/Logs/vizqlserver_0-1_2019_08_12_22_19_56.txt,3312,08/12/2019 22:38:55,node1
8540,e78,-,1,,0505DED2B27A4DFFA60ED95E194639D5-0:1,Default,Large1,Mozilla/5.0 (Windows NT 10.0; Win64; x64; rv:68.0) Gecko/20100101 Firefox/68.0,publisher,render-tooltip-server,1982,command,0,False,0,0,59456,0,959,False,4,1,4,59456,0,1,0,XVHqgJQ1FpJV6dcd@O334wAAAb8,Large1/Sheet1,private,Sheet 1,0,178368,0,0,1934,1,vizqlserver_0-1_2019_08_12_22_19_56.txt,node1/vizqlserver/Logs/vizqlserver_0-1_2019_08_12_22_19_56.txt,3329,08/12/2019 22:38:56,node1
8540,e78,-,1,,0505DED2B27A4DFFA60ED95E194639D5-0:1,Default,Large1,Mozilla/5.0 (Windows NT 10.0; Win64; x64; rv:68.0) Gecko/20100101 Firefox/68.0,publisher,hit-test-scene,1924,command,0,False,0,0,59456,0,959,False,4,1,4,59456,0,1,0,XVHqgJQ1FpJV6dcd@O335AAAAb8,Large1/Sheet1,private,Sheet 1,0,178368,0,0,1934,1,vizqlserver_0-1_2019_08_12_22_19_56.txt,node1/vizqlserver/Logs/vizqlserver_0-1_2019_08_12_22_19_56.txt,3346,08/12/2019 22:38:56,node1
8540,e78,-,1,,0505DED2B27A4DFFA60ED95E194639D5-0:1,Default,Large1,Mozilla/5.0 (Windows NT 10.0; Win64; x64; rv:68.0) Gecko/20100101 Firefox/68.0,publisher,render-tooltip-server,1982,command,0,False,0,0,59456,0,959,False,4,1,4,59456,0,1,0,XVHqgJQ1FpJV6dcd@O335QAAAb8,Large1/Sheet1,private,Sheet 1,0,178368,0,0,1934,1,vizqlserver_0-1_2019_08_12_22_19_56.txt,node1/vizqlserver/Logs/vizqlserver_0-1_2019_08_12_22_19_56.txt,3363,08/12/2019 22:38:56,node1
8540,e78,-,1,,0505DED2B27A4DFFA60ED95E194639D5-0:1,Default,Large1,Mozilla/5.0 (Windows NT 10.0; Win64; x64; rv:68.0) Gecko/20100101 Firefox/68.0,publisher,hit-test-scene,1924,command,0,False,0,0,59456,0,959,False,4,1,4,59456,0,1,0,XVHqgZQ1FpJV6dcd@O335gAAAb8,Large1/Sheet1,private,Sheet 1,0,178368,0,0,1934,1,vizqlserver_0-1_2019_08_12_22_19_56.txt,node1/vizqlserver/Logs/vizqlserver_0-1_2019_08_12_22_19_56.txt,3380,08/12/2019 22:38:57,node1
8540,e78,-,1,,0505DED2B27A4DFFA60ED95E194639D5-0:1,Default,Large1,Mozilla/5.0 (Windows NT 10.0; Win64; x64; rv:68.0) Gecko/20100101 Firefox/68.0,publisher,render-tooltip-server,1982,command,0,False,0,0,59456,0,959,False,4,1,4,59456,0,1,0,XVHqgZQ1FpJV6dcd@O335wAAAb8,Large1/Sheet1,private,Sheet 1,0,178368,0,0,1934,1,vizqlserver_0-1_2019_08_12_22_19_56.txt,node1/vizqlserver/Logs/vizqlserver_0-1_2019_08_12_22_19_56.txt,3397,08/12/2019 22:38:57,node1
8540,e78,-,1,,0505DED2B27A4DFFA60ED95E194639D5-0:1,Default,Large1,Mozilla/5.0 (Windows NT 10.0; Win64; x64; rv:68.0) Gecko/20100101 Firefox/68.0,publisher,render-tooltip-server,1982,command,0,False,0,0,59456,0,959,False,4,1,4,59456,0,1,0,XVHqgpQ1FpJV6dcd@O336AAAAb8,Large1/Sheet1,private,Sheet 1,0,178368,0,0,1934,1,vizqlserver_0-1_2019_08_12_22_19_56.txt,node1/vizqlserver/Logs/vizqlserver_0-1_2019_08_12_22_19_56.txt,3414,08/12/2019 22:38:58,node1
8540,e78,-,1,,0505DED2B27A4DFFA60ED95E194639D5-0:1,Default,Large1,Mozilla/5.0 (Windows NT 10.0; Win64; x64; rv:68.0) Gecko/20100101 Firefox/68.0,publisher,render-tooltip-server,1982,command,0,False,0,0,59456,0,959,False,4,1,4,59456,0,1,0,XVHqgpQ1FpJV6dcd@O336QAAAb8,Large1/Sheet1,private,Sheet 1,0,178368,0,0,1934,1,vizqlserver_0-1_2019_08_12_22_19_56.txt,node1/vizqlserver/Logs/vizqlserver_0-1_2019_08_12_22_19_56.txt,3431,08/12/2019 22:38:58,node1
8540,e78,-,1,,0505DED2B27A4DFFA60ED95E194639D5-0:1,Default,Large1,Mozilla/5.0 (Windows NT 10.0; Win64; x64; rv:68.0) Gecko/20100101 Firefox/68.0,publisher,hit-test-scene,1924,command,0,False,0,0,59456,0,959,False,4,1,4,59456,0,1,0,XVHqgpQ1FpJV6dcd@O336gAAAb8,Large1/Sheet1,private,Sheet 1,0,178368,0,0,1934,1,vizqlserver_0-1_2019_08_12_22_19_56.txt,node1/vizqlserver/Logs/vizqlserver_0-1_2019_08_12_22_19_56.txt,3448,08/12/2019 22:38:58,node1
8540,e78,-,1,,0505DED2B27A4DFFA60ED95E194639D5-0:1,Default,Large1,Mozilla/5.0 (Windows NT 10.0; Win64; x64; rv:68.0) Gecko/20100101 Firefox/68.0,publisher,get-show-me,34178,command,0,False,0,0,59456,0,959,False,4,1,4,59456,0,1,0,XVHqhpQ1FpJV6dcd@O337AAAAb8,Large1/Sheet1,private,Sheet 1,0,178368,0,0,1934,1,vizqlserver_0-1_2019_08_12_22_19_56.txt,node1/vizqlserver/Logs/vizqlserver_0-1_2019_08_12_22_19_56.txt,3465,08/12/2019 22:39:02,node1
8540,e78,-,1,,0505DED2B27A4DFFA60ED95E194639D5-0:1,Default,Large1,Mozilla/5.0 (Windows NT 10.0; Win64; x64; rv:68.0) Gecko/20100101 Firefox/68.0,publisher,get-drag-pres-model,107180,command,0,False,0,0,59456,0,959,False,4,1,4,59456,0,1,0,XVHqhpQ1FpJV6dcd@O337QAAAb8,Large1/Sheet1,private,Sheet 1,0,178368,0,0,1934,1,vizqlserver_0-1_2019_08_12_22_19_56.txt,node1/vizqlserver/Logs/vizqlserver_0-1_2019_08_12_22_19_56.txt,3492,08/12/2019 22:39:03,node1
8540,e78,-,1,,0505DED2B27A4DFFA60ED95E194639D5-0:1,Default,Large1,Mozilla/5.0 (Windows NT 10.0; Win64; x64; rv:68.0) Gecko/20100101 Firefox/68.0,publisher,get-show-me,31670,command,0,False,0,0,59456,0,959,False,4,1,4,59456,0,1,0,XVHqhpQ1FpJV6dcd@O337gAAAg8,Large1/Sheet1,private,Sheet 1,0,178368,0,0,1934,1,vizqlserver_0-1_2019_08_12_22_19_56.txt,node1/vizqlserver/Logs/vizqlserver_0-1_2019_08_12_22_19_56.txt,3499,08/12/2019 22:39:03,node1
8540,e78,-,1,,0505DED2B27A4DFFA60ED95E194639D5-0:1,Default,Large1,Mozilla/5.0 (Windows NT 10.0; Win64; x64; rv:68.0) Gecko/20100101 Firefox/68.0,publisher,drop-prepare,3060,command,0,False,0,0,59456,0,959,False,4,1,4,59456,0,1,0,XVHqiJQ1FpJV6dcd@O338QAAAcc,Large1/Sheet1,private,Sheet 1,0,178368,0,0,1934,1,vizqlserver_0-1_2019_08_12_22_19_56.txt,node1/vizqlserver/Logs/vizqlserver_0-1_2019_08_12_22_19_56.txt,3518,08/12/2019 22:39:04,node1
8540,e78,-,1,,0505DED2B27A4DFFA60ED95E194639D5-0:1,Default,Large1,Mozilla/5.0 (Windows NT 10.0; Win64; x64; rv:68.0) Gecko/20100101 Firefox/68.0,publisher,drop-on-shelf,393534,command,0,False,0,0,6683756,0,959,False,37999,1,4,6683756,0,18998,0,XVHqiJQ1FpJV6dcd@O338gAAAcc,Large1/Sheet1,private,Sheet 1,0,26735024,0,0,1934,1,vizqlserver_0-1_2019_08_12_22_19_56.txt,node1/vizqlserver/Logs/vizqlserver_0-1_2019_08_12_22_19_56.txt,3616,08/12/2019 22:39:50,node1
8540,e78,-,1,,0505DED2B27A4DFFA60ED95E194639D5-0:1,Default,Large1,Mozilla/5.0 (Windows NT 10.0; Win64; x64; rv:68.0) Gecko/20100101 Firefox/68.0,publisher,render-tooltip-server,2208,command,0,False,0,0,6683756,0,959,False,37999,1,4,6683756,0,18998,0,XVHquJQ1FpJV6dcd@O34AAAAAb8,Large1/Sheet1,private,Sheet 1,0,26735024,0,0,1934,1,vizqlserver_0-1_2019_08_12_22_19_56.txt,node1/vizqlserver/Logs/vizqlserver_0-1_2019_08_12_22_19_56.txt,3668,08/12/2019 22:39:52,node1
8540,e78,-,1,,0505DED2B27A4DFFA60ED95E194639D5-0:1,Default,Large1,Mozilla/5.0 (Windows NT 10.0; Win64; x64; rv:68.0) Gecko/20100101 Firefox/68.0,publisher,render-tooltip-server,1982,command,0,False,0,0,6683756,0,959,False,37999,1,4,6683756,0,18998,0,XVHquJQ1FpJV6dcd@O34AQAAAb8,Large1/Sheet1,private,Sheet 1,0,26735024,0,0,1934,1,vizqlserver_0-1_2019_08_12_22_19_56.txt,node1/vizqlserver/Logs/vizqlserver_0-1_2019_08_12_22_19_56.txt,3686,08/12/2019 22:39:52,node1
8540,e78,-,1,,0505DED2B27A4DFFA60ED95E194639D5-0:1,Default,Large1,Mozilla/5.0 (Windows NT 10.0; Win64; x64; rv:68.0) Gecko/20100101 Firefox/68.0,publisher,hit-test-scene,1924,command,0,False,0,0,6683756,0,959,False,37999,1,4,6683756,0,18998,0,XVHquJQ1FpJV6dcd@O34AgAAAb8,Large1/Sheet1,private,Sheet 1,0,26735024,0,0,1934,1,vizqlserver_0-1_2019_08_12_22_19_56.txt,node1/vizqlserver/Logs/vizqlserver_0-1_2019_08_12_22_19_56.txt,3702,08/12/2019 22:39:53,node1
8540,e78,-,1,,0505DED2B27A4DFFA60ED95E194639D5-0:1,Default,Large1,Mozilla/5.0 (Windows NT 10.0; Win64; x64; rv:68.0) Gecko/20100101 Firefox/68.0,publisher,get-show-me,34070,command,0,False,0,0,6683756,0,959,False,37999,1,4,6683756,0,18998,0,XVHquZQ1FpJV6dcd@O34BAAAAb8,Large1/Sheet1,private,Sheet 1,0,26735024,0,0,1934,1,vizqlserver_0-1_2019_08_12_22_19_56.txt,node1/vizqlserver/Logs/vizqlserver_0-1_2019_08_12_22_19_56.txt,3720,08/12/2019 22:39:53,node1
8540,e78,-,1,,0505DED2B27A4DFFA60ED95E194639D5-0:1,Default,Large1,Mozilla/5.0 (Windows NT 10.0; Win64; x64; rv:68.0) Gecko/20100101 Firefox/68.0,publisher,get-drag-pres-model,117354,command,0,False,0,0,6683756,0,959,False,37999,1,4,6683756,0,18998,0,XVHquZQ1FpJV6dcd@O34BQAAAb8,Large1/Sheet1,private,Sheet 1,0,26735024,0,0,1934,1,vizqlserver_0-1_2019_08_12_22_19_56.txt,node1/vizqlserver/Logs/vizqlserver_0-1_2019_08_12_22_19_56.txt,3740,08/12/2019 22:39:53,node1
8540,e78,-,1,,0505DED2B27A4DFFA60ED95E194639D5-0:1,Default,Large1,Mozilla/5.0 (Windows NT 10.0; Win64; x64; rv:68.0) Gecko/20100101 Firefox/68.0,publisher,get-show-me,31490,command,0,False,0,0,6683756,0,959,False,37999,1,4,6683756,0,18998,0,XVHquZQ1FpJV6dcd@O34BgAAAcc,Large1/Sheet1,private,Sheet 1,0,26735024,0,0,1934,1,vizqlserver_0-1_2019_08_12_22_19_56.txt,node1/vizqlserver/Logs/vizqlserver_0-1_2019_08_12_22_19_56.txt,3756,08/12/2019 22:39:54,node1
8540,e78,-,1,,0505DED2B27A4DFFA60ED95E194639D5-0:1,Default,Large1,Mozilla/5.0 (Windows NT 10.0; Win64; x64; rv:68.0) Gecko/20100101 Firefox/68.0,publisher,drop-prepare,3056,command,0,False,0,0,6683756,0,959,False,37999,1,4,6683756,0,18998,0,XVHqu5Q1FpJV6dcd@O34BwAAAb8,Large1/Sheet1,private,Sheet 1,0,26735024,0,0,1934,1,vizqlserver_0-1_2019_08_12_22_19_56.txt,node1/vizqlserver/Logs/vizqlserver_0-1_2019_08_12_22_19_56.txt,3791,08/12/2019 22:39:56,node1
8540,e78,-,1,,0505DED2B27A4DFFA60ED95E194639D5-0:1,Default,Large1,Mozilla/5.0 (Windows NT 10.0; Win64; x64; rv:68.0) Gecko/20100101 Firefox/68.0,publisher,render-tooltip-server,397466,command,0,False,0,0,6683756,0,959,False,37999,1,4,6683756,0,18998,0,XVHrFZQ1FpJV6dcd@O34GQAAAcc,Large1/Sheet1,private,Sheet 1,0,26735024,0,0,1934,1,vizqlserver_0-1_2019_08_12_22_19_56.txt,node1/vizqlserver/Logs/vizqlserver_0-1_2019_08_12_22_19_56.txt,3859,08/12/2019 22:41:25,node1
8540,e78,-,1,,0505DED2B27A4DFFA60ED95E194639D5-0:1,Default,Large1,Mozilla/5.0 (Windows NT 10.0; Win64; x64; rv:68.0) Gecko/20100101 Firefox/68.0,publisher,hit-test-scene,1922,command,0,False,0,0,6683756,0,959,False,37999,1,4,6683756,0,18998,0,XVHrFZQ1FpJV6dcd@O34GgAAAg8,Large1/Sheet1,private,Sheet 1,0,26735024,0,0,1934,1,vizqlserver_0-1_2019_08_12_22_19_56.txt,node1/vizqlserver/Logs/vizqlserver_0-1_2019_08_12_22_19_56.txt,3877,08/12/2019 22:41:25,node1
8540,e78,-,1,,0505DED2B27A4DFFA60ED95E194639D5-0:1,Default,Large1,Mozilla/5.0 (Windows NT 10.0; Win64; x64; rv:68.0) Gecko/20100101 Firefox/68.0,publisher,render-tooltip-server,1980,command,0,False,0,0,6683756,0,959,False,37999,1,4,6683756,0,18998,0,XVHrFZQ1FpJV6dcd@O34GwAAAcc,Large1/Sheet1,private,Sheet 1,0,26735024,0,0,1934,1,vizqlserver_0-1_2019_08_12_22_19_56.txt,node1/vizqlserver/Logs/vizqlserver_0-1_2019_08_12_22_19_56.txt,3893,08/12/2019 22:41:25,node1
8540,e78,-,1,,0505DED2B27A4DFFA60ED95E194639D5-0:1,Default,Large1,Mozilla/5.0 (Windows NT 10.0; Win64; x64; rv:68.0) Gecko/20100101 Firefox/68.0,publisher,build-main-menu,2336,command,0,False,0,0,6683756,0,959,False,37999,1,4,6683756,0,18998,0,XVHrGJQ1FpJV6dcd@O34HAAAAcc,Large1/Sheet1,private,Sheet 1,0,26735024,0,0,1934,1,vizqlserver_0-1_2019_08_12_22_19_56.txt,node1/vizqlserver/Logs/vizqlserver_0-1_2019_08_12_22_19_56.txt,3911,08/12/2019 22:41:28,node1
