EndDate,EndDateGmt,Id,StartDate,StartDateGmt,TimestampOffset,Version,VersionLong,Worker
,,node1/logs/tabadmin.log-1,08/12/2019 19:03:21,08/12/2019 19:03:21,+0000,10.5,10500.19.0716.1231,node1
